Archive member included because of file (symbol)

C:\Users\Ihsan\Documents\lpcxpresso_3.6.3_317\workspace\Lib_CMSISv1p30_LPC17xx\Debug\libCMSISv1p30_LPC17xx.a(system_LPC17xx.o)
                              ./src/main.o (SystemCoreClock)
C:\Users\Ihsan\Documents\lpcxpresso_3.6.3_317\workspace\Lib_EaBaseBoard\Debug\libLib_EaBaseBoard.a(acc.o)
                              ./src/main.o (acc_init)
C:\Users\Ihsan\Documents\lpcxpresso_3.6.3_317\workspace\Lib_EaBaseBoard\Debug\libLib_EaBaseBoard.a(led7seg.o)
                              ./src/main.o (led7seg_init)
C:\Users\Ihsan\Documents\lpcxpresso_3.6.3_317\workspace\Lib_EaBaseBoard\Debug\libLib_EaBaseBoard.a(light.o)
                              ./src/main.o (light_init)
C:\Users\Ihsan\Documents\lpcxpresso_3.6.3_317\workspace\Lib_EaBaseBoard\Debug\libLib_EaBaseBoard.a(oled.o)
                              ./src/main.o (oled_init)
C:\Users\Ihsan\Documents\lpcxpresso_3.6.3_317\workspace\Lib_EaBaseBoard\Debug\libLib_EaBaseBoard.a(temp.o)
                              ./src/main.o (temp_init)
C:\Users\Ihsan\Documents\lpcxpresso_3.6.3_317\workspace\Lib_EaBaseBoard\Debug\libLib_EaBaseBoard.a(font5x7.o)
                              C:\Users\Ihsan\Documents\lpcxpresso_3.6.3_317\workspace\Lib_EaBaseBoard\Debug\libLib_EaBaseBoard.a(oled.o) (font5x7)
C:\Users\Ihsan\Documents\lpcxpresso_3.6.3_317\workspace\Lib_MCU\Debug\libLib_MCU.a(lpc17xx_gpio.o)
                              ./src/main.o (GPIO_SetDir)
C:\Users\Ihsan\Documents\lpcxpresso_3.6.3_317\workspace\Lib_MCU\Debug\libLib_MCU.a(lpc17xx_i2c.o)
                              ./src/main.o (I2C_Init)
C:\Users\Ihsan\Documents\lpcxpresso_3.6.3_317\workspace\Lib_MCU\Debug\libLib_MCU.a(lpc17xx_libcfg_default.o)
                              C:\Users\Ihsan\Documents\lpcxpresso_3.6.3_317\workspace\Lib_MCU\Debug\libLib_MCU.a(lpc17xx_i2c.o) (check_failed)
C:\Users\Ihsan\Documents\lpcxpresso_3.6.3_317\workspace\Lib_MCU\Debug\libLib_MCU.a(lpc17xx_pinsel.o)
                              ./src/main.o (PINSEL_ConfigPin)
C:\Users\Ihsan\Documents\lpcxpresso_3.6.3_317\workspace\Lib_MCU\Debug\libLib_MCU.a(lpc17xx_ssp.o)
                              ./src/main.o (SSP_Init)
C:\Users\Ihsan\Documents\lpcxpresso_3.6.3_317\workspace\Lib_MCU\Debug\libLib_MCU.a(lpc17xx_timer.o)
                              ./src/main.o (Timer0_Wait)
C:\Users\Ihsan\Documents\lpcxpresso_3.6.3_317\workspace\Lib_MCU\Debug\libLib_MCU.a(lpc17xx_clkpwr.o)
                              C:\Users\Ihsan\Documents\lpcxpresso_3.6.3_317\workspace\Lib_MCU\Debug\libLib_MCU.a(lpc17xx_i2c.o) (CLKPWR_SetPCLKDiv)
c:/nxp/lpcxpresso_3.6.3_317/tools/bin/../lib/gcc/arm-none-eabi/4.3.3/../../../../arm-none-eabi/lib/thumb2\libcr_semihost.a(_cr__main.o)
                              ./src/cr_startup_lpc17.o (__main)
c:/nxp/lpcxpresso_3.6.3_317/tools/bin/../lib/gcc/arm-none-eabi/4.3.3/../../../../arm-none-eabi/lib/thumb2\libcr_c.a(__init_alloc.o)
                              c:/nxp/lpcxpresso_3.6.3_317/tools/bin/../lib/gcc/arm-none-eabi/4.3.3/../../../../arm-none-eabi/lib/thumb2\libcr_semihost.a(_cr__main.o) (_init_alloc)
c:/nxp/lpcxpresso_3.6.3_317/tools/bin/../lib/gcc/arm-none-eabi/4.3.3/../../../../arm-none-eabi/lib/thumb2\libcr_c.a(ctype.o)
                              c:/nxp/lpcxpresso_3.6.3_317/tools/bin/../lib/gcc/arm-none-eabi/4.3.3/../../../../arm-none-eabi/lib/thumb2\libcr_semihost.a(_cr__main.o) (_ctype_init)
c:/nxp/lpcxpresso_3.6.3_317/tools/bin/../lib/gcc/arm-none-eabi/4.3.3/../../../../arm-none-eabi/lib/thumb2\libcr_c.a(fpprintf.o)
                              ./src/main.o (sprintf)
c:/nxp/lpcxpresso_3.6.3_317/tools/bin/../lib/gcc/arm-none-eabi/4.3.3/../../../../arm-none-eabi/lib/thumb2\libcr_c.a(initio.o)
                              c:/nxp/lpcxpresso_3.6.3_317/tools/bin/../lib/gcc/arm-none-eabi/4.3.3/../../../../arm-none-eabi/lib/thumb2\libcr_semihost.a(_cr__main.o) (_terminateio)
c:/nxp/lpcxpresso_3.6.3_317/tools/bin/../lib/gcc/arm-none-eabi/4.3.3/../../../../arm-none-eabi/lib/thumb2\libcr_c.a(memset.o)
                              C:\Users\Ihsan\Documents\lpcxpresso_3.6.3_317\workspace\Lib_EaBaseBoard\Debug\libLib_EaBaseBoard.a(oled.o) (memset)
c:/nxp/lpcxpresso_3.6.3_317/tools/bin/../lib/gcc/arm-none-eabi/4.3.3/../../../../arm-none-eabi/lib/thumb2\libcr_c.a(printf.o)
                              c:/nxp/lpcxpresso_3.6.3_317/tools/bin/../lib/gcc/arm-none-eabi/4.3.3/../../../../arm-none-eabi/lib/thumb2\libcr_c.a(fpprintf.o) (__vfprintf)
c:/nxp/lpcxpresso_3.6.3_317/tools/bin/../lib/gcc/arm-none-eabi/4.3.3/../../../../arm-none-eabi/lib/thumb2\libcr_c.a(setvbuf.o)
                              c:/nxp/lpcxpresso_3.6.3_317/tools/bin/../lib/gcc/arm-none-eabi/4.3.3/../../../../arm-none-eabi/lib/thumb2\libcr_c.a(initio.o) (setvbuf)
c:/nxp/lpcxpresso_3.6.3_317/tools/bin/../lib/gcc/arm-none-eabi/4.3.3/../../../../arm-none-eabi/lib/thumb2\libcr_c.a(stdio.o)
[...]
Memory Configuration

Name             Origin             Length             Attributes
MFlash512        0x00000000         0x00020000         xr
RamLoc32         0x10000000         0x00008000         xrw
RamAHB32         0x2007c000         0x00008000         xrw
CANAccFilterRAM  0x40038000         0x00000800         xrw
*default*        0x00000000         0xffffffff

Linker script and memory map

LOAD ./src/cr_startup_lpc17.o
LOAD ./src/main.o
LOAD C:\Users\Ihsan\Documents\lpcxpresso_3.6.3_317\workspace\Lib_CMSISv1p30_LPC17xx\Debug\libCMSISv1p30_LPC17xx.a
LOAD C:\Users\Ihsan\Documents\lpcxpresso_3.6.3_317\workspace\Lib_EaBaseBoard\Debug\libLib_EaBaseBoard.a
LOAD C:\Users\Ihsan\Documents\lpcxpresso_3.6.3_317\workspace\Lib_MCU\Debug\libLib_MCU.a
START GROUP
LOAD c:/nxp/lpcxpresso_3.6.3_317/tools/bin/../lib/gcc/arm-none-eabi/4.3.3/../../../../arm-none-eabi/lib/thumb2\libcr_semihost.a
LOAD c:/nxp/lpcxpresso_3.6.3_317/tools/bin/../lib/gcc/arm-none-eabi/4.3.3/../../../../arm-none-eabi/lib/thumb2\libcr_c.a
LOAD c:/nxp/lpcxpresso_3.6.3_317/tools/bin/../lib/gcc/arm-none-eabi/4.3.3/thumb2\libcr_eabihelpers.a
END GROUP
                0x00080000                __top_MFlash512 = 0x80000
                0x10008000                __top_RamLoc32 = 0x10008000
                0x20084000                __top_RamAHB32 = 0x20084000
                0x40038800                __top_CANAccFilterRAM = 0x40038800

.text           0x00000000     0x83bc
 FILL mask 0xff
 *(.isr_vector)
 .isr_vector    0x00000000       0xcc ./src/cr_startup_lpc17.o
                0x00000000                g_pfnVectors
                0x000000cc                . = ALIGN (0x4)
                0x000000cc                __section_table_start = .
                0x000000cc                __data_section_table = .
                0x000000cc        0x4 LONG 0x83bc LOADADDR (.data)
                0x000000d0        0x4 LONG 0x10000000 ADDR (.data)
                0x000000d4        0x4 LONG 0x264 SIZEOF (.data)
                0x000000d8        0x4 LONG 0x83bc LOADADDR (.data_RAM2)
                0x000000dc        0x4 LONG 0x2007c000 ADDR (.data_RAM2)
                0x000000e0        0x4 LONG 0x0 SIZEOF (.data_RAM2)
                0x000000e4        0x4 LONG 0x83bc LOADADDR (.data_RAM3)
                0x000000e8        0x4 LONG 0x40038000 ADDR (.data_RAM3)
                0x000000ec        0x4 LONG 0x0 SIZEOF (.data_RAM3)
                0x000000f0                __data_section_table_end = .
                0x000000f0                __bss_section_table = .
                0x000000f0        0x4 LONG 0x10000264 ADDR (.bss)
                0x000000f4        0x4 LONG 0x6a8 SIZEOF (.bss)
                0x000000f8        0x4 LONG 0x2007c000 ADDR (.bss_RAM2)
                0x000000fc        0x4 LONG 0x0 SIZEOF (.bss_RAM2)
                0x00000100        0x4 LONG 0x40038000 ADDR (.bss_RAM3)
                0x00000104        0x4 LONG 0x0 SIZEOF (.bss_RAM3)
                0x00000108                __bss_section_table_end = .
                0x00000108                __section_table_end = .
 *(.after_vectors*)
 *(.text*)
 .text.ResetISR
                0x00000108       0x68 ./src/cr_startup_lpc17.o
                0x00000108                ResetISR
 .text.NMI_Handler
                0x00000170        0x8 ./src/cr_startup_lpc17.o
                0x00000170                NMI_Handler
 .text.HardFault_Handler
                0x00000178        0x8 ./src/cr_startup_lpc17.o
                0x00000178                HardFault_Handler
 .text.MemManage_Handler
                0x00000180        0x8 ./src/cr_startup_lpc17.o
                0x00000180                MemManage_Handler
 .text.BusFault_Handler
                0x00000188        0x8 ./src/cr_startup_lpc17.o
                0x00000188                BusFault_Handler
 .text.UsageFault_Handler
                0x00000190        0x8 ./src/cr_startup_lpc17.o
                0x00000190                UsageFault_Handler
 .text.SVCall_Handler
                0x00000198        0x8 ./src/cr_startup_lpc17.o
                0x00000198                SVCall_Handler
 .text.DebugMon_Handler
                0x000001a0        0x8 ./src/cr_startup_lpc17.o
                0x000001a0                DebugMon_Handler
 .text.PendSV_Handler
                0x000001a8        0x8 ./src/cr_startup_lpc17.o
                0x000001a8                PendSV_Handler
 .text.IntDefaultHandler
                0x000001b0        0x8 ./src/cr_startup_lpc17.o
                0x000001b0                TIMER2_IRQHandler
                0x000001b0                RIT_IRQHandler
                0x000001b0                I2C0_IRQHandler
                0x000001b0                USBActivity_IRQHandler
                0x000001b0                PWM1_IRQHandler
                0x000001b0                I2C1_IRQHandler
                0x000001b0                EINT2_IRQHandler
                0x000001b0                UART1_IRQHandler
                0x000001b0                CANActivity_IRQHandler
                0x000001b0                TIMER3_IRQHandler
                0x000001b0                UART0_IRQHandler
                0x000001b0                IntDefaultHandler
                0x000001b0                PLL0_IRQHandler
                0x000001b0                CAN_IRQHandler
                0x000001b0                PLL1_IRQHandler
                0x000001b0                SSP0_IRQHandler
                0x000001b0                I2S_IRQHandler
                0x000001b0                I2C2_IRQHandler
                0x000001b0                RTC_IRQHandler
                0x000001b0                TIMER0_IRQHandler
                0x000001b0                SPI_IRQHandler
                0x000001b0                EINT1_IRQHandler
                0x000001b0                TIMER1_IRQHandler
                0x000001b0                UART2_IRQHandler
                0x000001b0                ADC_IRQHandler
                0x000001b0                SSP1_IRQHandler
                0x000001b0                USB_IRQHandler
                0x000001b0                BOD_IRQHandler
                0x000001b0                WDT_IRQHandler
                0x000001b0                QEI_IRQHandler
                0x000001b0                DMA_IRQHandler
                0x000001b0                UART3_IRQHandler
                0x000001b0                MCPWM_IRQHandler
                0x000001b0                ENET_IRQHandler
 .text.SysTick_Handler
                0x000001b8       0x24 ./src/main.o
                0x000001b8                SysTick_Handler
 .text.getMsTicks
                0x000001dc       0x18 ./src/main.o
                0x000001dc                getMsTicks
 .text.init_ssp
                0x000001f4       0xa0 ./src/main.o
 .text.init_i2c
                0x00000294       0x60 ./src/main.o
 .text.init_GPIO
                0x000002f4      0x11c ./src/main.o
 .text.print_acc
                0x00000410      0x11c ./src/main.o
                0x00000410                print_acc
 .text.EINT0_IRQHandler
                0x0000052c       0x8c ./src/main.o
                0x0000052c                EINT0_IRQHandler
 .text.EINT3_IRQHandler
                0x000005b8       0x6c ./src/main.o
                0x000005b8                EINT3_IRQHandler
 .text.standby_initial
                0x00000624       0xd0 ./src/main.o
                0x00000624                standby_initial
 .text.standby_mode
                0x000006f4      0x210 ./src/main.o
                0x000006f4                standby_mode
 .text.calibration_mode
                0x00000904       0xa8 ./src/main.o
                0x00000904                calibration_mode
 .text.main     0x000009ac      0x138 ./src/main.o
                0x000009ac                main
 .text.SysTick_Config
                0x00000ae4       0x68 ./src/main.o
 .text.NVIC_SetPriority
                0x00000b4c       0x5c ./src/main.o
 .text.NVIC_EnableIRQ
                0x00000ba8       0x38 ./src/main.o
 .text.SystemInit
                0x00000be0      0x224 C:\Users\Ihsan\Documents\lpcxpresso_3.6.3_317\workspace\Lib_CMSISv1p30_LPC17xx\Debug\libCMSISv1p30_LPC17xx.a(system_LPC17xx.o)
                0x00000be0                SystemInit
 .text.I2CRead  0x00000e04       0x64 C:\Users\Ihsan\Documents\lpcxpresso_3.6.3_317\workspace\Lib_EaBaseBoard\Debug\libLib_EaBaseBoard.a(acc.o)
 .text.I2CWrite
                0x00000e68       0x64 C:\Users\Ihsan\Documents\lpcxpresso_3.6.3_317\workspace\Lib_EaBaseBoard\Debug\libLib_EaBaseBoard.a(acc.o)
 .text.getStatus
                0x00000ecc       0x3c C:\Users\Ihsan\Documents\lpcxpresso_3.6.3_317\workspace\Lib_EaBaseBoard\Debug\libLib_EaBaseBoard.a(acc.o)
 .text.getModeControl
                0x00000f08       0x3c C:\Users\Ihsan\Documents\lpcxpresso_3.6.3_317\workspace\Lib_EaBaseBoard\Debug\libLib_EaBaseBoard.a(acc.o)
 .text.setModeControl
                0x00000f44       0x30 C:\Users\Ihsan\Documents\lpcxpresso_3.6.3_317\workspace\Lib_EaBaseBoard\Debug\libLib_EaBaseBoard.a(acc.o)
 .text.acc_init
                0x00000f74       0x10 C:\Users\Ihsan\Documents\lpcxpresso_3.6.3_317\workspace\Lib_EaBaseBoard\Debug\libLib_EaBaseBoard.a(acc.o)
                0x00000f74                acc_init
 .text.acc_read
                0x00000f84       0xb4 C:\Users\Ihsan\Documents\lpcxpresso_3.6.3_317\workspace\Lib_EaBaseBoard\Debug\libLib_EaBaseBoard.a(acc.o)
                0x00000f84                acc_read
 .text.acc_setMode
                0x00001038       0x3c C:\Users\Ihsan\Documents\lpcxpresso_3.6.3_317\workspace\Lib_EaBaseBoard\Debug\libLib_EaBaseBoard.a(acc.o)
                0x00001038                acc_setMode
 .text.led7seg_init
                0x00001074       0x24 C:\Users\Ihsan\Documents\lpcxpresso_3.6.3_317\workspace\Lib_EaBaseBoard\Debug\libLib_EaBaseBoard.a(led7seg.o)
                0x00001074                led7seg_init
 .text.led7seg_setChar
                0x00001098       0x88 C:\Users\Ihsan\Documents\lpcxpresso_3.6.3_317\workspace\Lib_EaBaseBoard\Debug\libLib_EaBaseBoard.a(led7seg.o)
                0x00001098                led7seg_setChar
 .text.I2CRead  0x00001120       0x64 C:\Users\Ihsan\Documents\lpcxpresso_3.6.3_317\workspace\Lib_EaBaseBoard\Debug\libLib_EaBaseBoard.a(light.o)
 .text.I2CWrite
                0x00001184       0x64 C:\Users\Ihsan\Documents\lpcxpresso_3.6.3_317\workspace\Lib_EaBaseBoard\Debug\libLib_EaBaseBoard.a(light.o)
 .text.readControlReg
                0x000011e8       0x3c C:\Users\Ihsan\Documents\lpcxpresso_3.6.3_317\workspace\Lib_EaBaseBoard\Debug\libLib_EaBaseBoard.a(light.o)
 .text.light_init
                0x00001224        0xc C:\Users\Ihsan\Documents\lpcxpresso_3.6.3_317\workspace\Lib_EaBaseBoard\Debug\libLib_EaBaseBoard.a(light.o)
                0x00001224                light_init
 .text.light_enable
                0x00001230       0x48 C:\Users\Ihsan\Documents\lpcxpresso_3.6.3_317\workspace\Lib_EaBaseBoard\Debug\libLib_EaBaseBoard.a(light.o)
                0x00001230                light_enable
 .text.light_read
                0x00001278       0x9c C:\Users\Ihsan\Documents\lpcxpresso_3.6.3_317\workspace\Lib_EaBaseBoard\Debug\libLib_EaBaseBoard.a(light.o)
                0x00001278                light_read
 .text.light_setHiThreshold
                0x00001314       0x58 C:\Users\Ihsan\Documents\lpcxpresso_3.6.3_317\workspace\Lib_EaBaseBoard\Debug\libLib_EaBaseBoard.a(light.o)
                0x00001314                light_setHiThreshold
 .text.light_setLoThreshold
                0x0000136c       0x58 C:\Users\Ihsan\Documents\lpcxpresso_3.6.3_317\workspace\Lib_EaBaseBoard\Debug\libLib_EaBaseBoard.a(light.o)
                0x0000136c                light_setLoThreshold
 .text.light_clearIrqStatus
                0x000013c4       0x3c C:\Users\Ihsan\Documents\lpcxpresso_3.6.3_317\workspace\Lib_EaBaseBoard\Debug\libLib_EaBaseBoard.a(light.o)
                0x000013c4                light_clearIrqStatus
 .text.writeCommand
                0x00001400       0x60 C:\Users\Ihsan\Documents\lpcxpresso_3.6.3_317\workspace\Lib_EaBaseBoard\Debug\libLib_EaBaseBoard.a(oled.o)
 .text.writeData
                0x00001460       0x60 C:\Users\Ihsan\Documents\lpcxpresso_3.6.3_317\workspace\Lib_EaBaseBoard\Debug\libLib_EaBaseBoard.a(oled.o)
 .text.writeDataLen
                0x000014c0       0x90 C:\Users\Ihsan\Documents\lpcxpresso_3.6.3_317\workspace\Lib_EaBaseBoard\Debug\libLib_EaBaseBoard.a(oled.o)
 .text.runInitSequence
                0x00001550      0x118 C:\Users\Ihsan\Documents\lpcxpresso_3.6.3_317\workspace\Lib_EaBaseBoard\Debug\libLib_EaBaseBoard.a(oled.o)
 .text.oled_init
                0x00001668       0x9c C:\Users\Ihsan\Documents\lpcxpresso_3.6.3_317\workspace\Lib_EaBaseBoard\Debug\libLib_EaBaseBoard.a(oled.o)
                0x00001668                oled_init
 .text.oled_putPixel
                0x00001704      0x178 C:\Users\Ihsan\Documents\lpcxpresso_3.6.3_317\workspace\Lib_EaBaseBoard\Debug\libLib_EaBaseBoard.a(oled.o)
                0x00001704                oled_putPixel
 .text.oled_clearScreen
                0x0000187c       0x74 C:\Users\Ihsan\Documents\lpcxpresso_3.6.3_317\workspace\Lib_EaBaseBoard\Debug\libLib_EaBaseBoard.a(oled.o)
                0x0000187c                oled_clearScreen
 .text.oled_putChar
                0x000018f0      0x104 C:\Users\Ihsan\Documents\lpcxpresso_3.6.3_317\workspace\Lib_EaBaseBoard\Debug\libLib_EaBaseBoard.a(oled.o)
                0x000018f0                oled_putChar
 .text.oled_putString
                0x000019f4       0x58 C:\Users\Ihsan\Documents\lpcxpresso_3.6.3_317\workspace\Lib_EaBaseBoard\Debug\libLib_EaBaseBoard.a(oled.o)
                0x000019f4                oled_putString
 .text.temp_init
                0x00001a4c       0x2c C:\Users\Ihsan\Documents\lpcxpresso_3.6.3_317\workspace\Lib_EaBaseBoard\Debug\libLib_EaBaseBoard.a(temp.o)
                0x00001a4c                temp_init
 .text.temp_read
                0x00001a78      0x10c C:\Users\Ihsan\Documents\lpcxpresso_3.6.3_317\workspace\Lib_EaBaseBoard\Debug\libLib_EaBaseBoard.a(temp.o)
                0x00001a78                temp_read
 .text.GPIO_GetPointer
                0x00001b84       0x78 C:\Users\Ihsan\Documents\lpcxpresso_3.6.3_317\workspace\Lib_MCU\Debug\libLib_MCU.a(lpc17xx_gpio.o)
 .text.GPIO_SetDir
                0x00001bfc       0x54 C:\Users\Ihsan\Documents\lpcxpresso_3.6.3_317\workspace\Lib_MCU\Debug\libLib_MCU.a(lpc17xx_gpio.o)
                0x00001bfc                GPIO_SetDir
 .text.GPIO_SetValue
                0x00001c50       0x2c C:\Users\Ihsan\Documents\lpcxpresso_3.6.3_317\workspace\Lib_MCU\Debug\libLib_MCU.a(lpc17xx_gpio.o)
                0x00001c50                GPIO_SetValue
 .text.GPIO_ClearValue
                0x00001c7c       0x2c C:\Users\Ihsan\Documents\lpcxpresso_3.6.3_317\workspace\Lib_MCU\Debug\libLib_MCU.a(lpc17xx_gpio.o)
                0x00001c7c                GPIO_ClearValue
 .text.GPIO_ReadValue
                0x00001ca8       0x38 C:\Users\Ihsan\Documents\lpcxpresso_3.6.3_317\workspace\Lib_MCU\Debug\libLib_MCU.a(lpc17xx_gpio.o)
                0x00001ca8                GPIO_ReadValue
 .text.I2C_getNum
                0x00001ce0       0x60 C:\Users\Ihsan\Documents\lpcxpresso_3.6.3_317\workspace\Lib_MCU\Debug\libLib_MCU.a(lpc17xx_i2c.o)
 .text.I2C_Start
                0x00001d40       0x40 C:\Users\Ihsan\Documents\lpcxpresso_3.6.3_317\workspace\Lib_MCU\Debug\libLib_MCU.a(lpc17xx_i2c.o)
 .text.I2C_Stop
                0x00001d80       0x38 C:\Users\Ihsan\Documents\lpcxpresso_3.6.3_317\workspace\Lib_MCU\Debug\libLib_MCU.a(lpc17xx_i2c.o)
 .text.I2C_SendByte
                0x00001db8       0x50 C:\Users\Ihsan\Documents\lpcxpresso_3.6.3_317\workspace\Lib_MCU\Debug\libLib_MCU.a(lpc17xx_i2c.o)
 .text.I2C_GetByte
                0x00001e08       0x58 C:\Users\Ihsan\Documents\lpcxpresso_3.6.3_317\workspace\Lib_MCU\Debug\libLib_MCU.a(lpc17xx_i2c.o)
 .text.I2C_IntCmd
                0x00001e60       0xa8 C:\Users\Ihsan\Documents\lpcxpresso_3.6.3_317\workspace\Lib_MCU\Debug\libLib_MCU.a(lpc17xx_i2c.o)
                0x00001e60                I2C_IntCmd
 .text.NVIC_EnableIRQ
                0x00001f08       0x38 C:\Users\Ihsan\Documents\lpcxpresso_3.6.3_317\workspace\Lib_MCU\Debug\libLib_MCU.a(lpc17xx_i2c.o)
 .text.NVIC_DisableIRQ
                0x00001f40       0x3c C:\Users\Ihsan\Documents\lpcxpresso_3.6.3_317\workspace\Lib_MCU\Debug\libLib_MCU.a(lpc17xx_i2c.o)
 .text.I2C_MasterHandler
                0x00001f7c      0x410 C:\Users\Ihsan\Documents\lpcxpresso_3.6.3_317\workspace\Lib_MCU\Debug\libLib_MCU.a(lpc17xx_i2c.o)
                0x00001f7c                I2C_MasterHandler
 .text.I2C_SetClock
                0x0000238c       0xc8 C:\Users\Ihsan\Documents\lpcxpresso_3.6.3_317\workspace\Lib_MCU\Debug\libLib_MCU.a(lpc17xx_i2c.o)
                0x0000238c                I2C_SetClock
 .text.I2C_Init
                0x00002454       0xd4 C:\Users\Ihsan\Documents\lpcxpresso_3.6.3_317\workspace\Lib_MCU\Debug\libLib_MCU.a(lpc17xx_i2c.o)
                0x00002454                I2C_Init
 .text.I2C_Cmd  0x00002528       0x84 C:\Users\Ihsan\Documents\lpcxpresso_3.6.3_317\workspace\Lib_MCU\Debug\libLib_MCU.a(lpc17xx_i2c.o)
                0x00002528                I2C_Cmd
 .text.I2C_MasterTransferData
                0x000025ac      0x374 C:\Users\Ihsan\Documents\lpcxpresso_3.6.3_317\workspace\Lib_MCU\Debug\libLib_MCU.a(lpc17xx_i2c.o)
                0x000025ac                I2C_MasterTransferData
 .text.check_failed
                0x00002920        0xc C:\Users\Ihsan\Documents\lpcxpresso_3.6.3_317\workspace\Lib_MCU\Debug\libLib_MCU.a(lpc17xx_libcfg_default.o)
                0x00002920                check_failed
 .text.PINSEL_SetPinFunc
                0x0000292c       0xa4 C:\Users\Ihsan\Documents\lpcxpresso_3.6.3_317\workspace\Lib_MCU\Debug\libLib_MCU.a(lpc17xx_pinsel.o)
                0x0000292c                PINSEL_SetPinFunc
 .text.PINSEL_SetResistorMode
                0x000029d0       0xa4 C:\Users\Ihsan\Documents\lpcxpresso_3.6.3_317\workspace\Lib_MCU\Debug\libLib_MCU.a(lpc17xx_pinsel.o)
                0x000029d0                PINSEL_SetResistorMode
 .text.PINSEL_SetOpenDrainMode
                0x00002a74       0x84 C:\Users\Ihsan\Documents\lpcxpresso_3.6.3_317\workspace\Lib_MCU\Debug\libLib_MCU.a(lpc17xx_pinsel.o)
                0x00002a74                PINSEL_SetOpenDrainMode
 .text.PINSEL_ConfigPin
                0x00002af8       0x4c C:\Users\Ihsan\Documents\lpcxpresso_3.6.3_317\workspace\Lib_MCU\Debug\libLib_MCU.a(lpc17xx_pinsel.o)
                0x00002af8                PINSEL_ConfigPin
 .text.SSP_getNum
                0x00002b44       0x48 C:\Users\Ihsan\Documents\lpcxpresso_3.6.3_317\workspace\Lib_MCU\Debug\libLib_MCU.a(lpc17xx_ssp.o)
 .text.SSP_IntHandler
                0x00002b8c      0x324 C:\Users\Ihsan\Documents\lpcxpresso_3.6.3_317\workspace\Lib_MCU\Debug\libLib_MCU.a(lpc17xx_ssp.o)
                0x00002b8c                SSP_IntHandler
 .text.SSP_SetClock
                0x00002eb0       0xf8 C:\Users\Ihsan\Documents\lpcxpresso_3.6.3_317\workspace\Lib_MCU\Debug\libLib_MCU.a(lpc17xx_ssp.o)
                0x00002eb0                SSP_SetClock
 .text.SSP_Init
                0x00002fa8      0x10c C:\Users\Ihsan\Documents\lpcxpresso_3.6.3_317\workspace\Lib_MCU\Debug\libLib_MCU.a(lpc17xx_ssp.o)
                0x00002fa8                SSP_Init
 .text.SSP_ConfigStructInit
                0x000030b4       0x48 C:\Users\Ihsan\Documents\lpcxpresso_3.6.3_317\workspace\Lib_MCU\Debug\libLib_MCU.a(lpc17xx_ssp.o)
                0x000030b4                SSP_ConfigStructInit
 .text.SSP_Cmd  0x000030fc       0x7c C:\Users\Ihsan\Documents\lpcxpresso_3.6.3_317\workspace\Lib_MCU\Debug\libLib_MCU.a(lpc17xx_ssp.o)
                0x000030fc                SSP_Cmd
 .text.SSP_SendData
                0x00003178       0x48 C:\Users\Ihsan\Documents\lpcxpresso_3.6.3_317\workspace\Lib_MCU\Debug\libLib_MCU.a(lpc17xx_ssp.o)
                0x00003178                SSP_SendData
 .text.SSP_ReceiveData
                0x000031c0       0x44 C:\Users\Ihsan\Documents\lpcxpresso_3.6.3_317\workspace\Lib_MCU\Debug\libLib_MCU.a(lpc17xx_ssp.o)
                0x000031c0                SSP_ReceiveData
 .text.SSP_ReadWrite
                0x00003204      0x448 C:\Users\Ihsan\Documents\lpcxpresso_3.6.3_317\workspace\Lib_MCU\Debug\libLib_MCU.a(lpc17xx_ssp.o)
                0x00003204                SSP_ReadWrite
 .text.TIM_GetPClock
                0x0000364c       0x68 C:\Users\Ihsan\Documents\lpcxpresso_3.6.3_317\workspace\Lib_MCU\Debug\libLib_MCU.a(lpc17xx_timer.o)
                0x0000364c                TIM_GetPClock
 .text.TIM_ConverUSecToVal
                0x000036b4       0x68 C:\Users\Ihsan\Documents\lpcxpresso_3.6.3_317\workspace\Lib_MCU\Debug\libLib_MCU.a(lpc17xx_timer.o)
                0x000036b4                TIM_ConverUSecToVal
 .text.TIM_ConverPtrToTimeNum
                0x0000371c       0x74 C:\Users\Ihsan\Documents\lpcxpresso_3.6.3_317\workspace\Lib_MCU\Debug\libLib_MCU.a(lpc17xx_timer.o)
                0x0000371c                TIM_ConverPtrToTimeNum
 .text.TIM_GetIntStatus
                0x00003790       0xc0 C:\Users\Ihsan\Documents\lpcxpresso_3.6.3_317\workspace\Lib_MCU\Debug\libLib_MCU.a(lpc17xx_timer.o)
                0x00003790                TIM_GetIntStatus
 .text.TIM_ClearIntPending
                0x00003850       0xa8 C:\Users\Ihsan\Documents\lpcxpresso_3.6.3_317\workspace\Lib_MCU\Debug\libLib_MCU.a(lpc17xx_timer.o)
                0x00003850                TIM_ClearIntPending
 .text.TIM_Init
                0x000038f8      0x1c8 C:\Users\Ihsan\Documents\lpcxpresso_3.6.3_317\workspace\Lib_MCU\Debug\libLib_MCU.a(lpc17xx_timer.o)
                0x000038f8                TIM_Init
 .text.TIM_Cmd  0x00003ac0       0x7c C:\Users\Ihsan\Documents\lpcxpresso_3.6.3_317\workspace\Lib_MCU\Debug\libLib_MCU.a(lpc17xx_timer.o)
                0x00003ac0                TIM_Cmd
 .text.TIM_ConfigMatch
                0x00003b3c      0x1a0 C:\Users\Ihsan\Documents\lpcxpresso_3.6.3_317\workspace\Lib_MCU\Debug\libLib_MCU.a(lpc17xx_timer.o)
                0x00003b3c                TIM_ConfigMatch
 .text.Timer0_Wait
                0x00003cdc       0x9c C:\Users\Ihsan\Documents\lpcxpresso_3.6.3_317\workspace\Lib_MCU\Debug\libLib_MCU.a(lpc17xx_timer.o)
                0x00003cdc                Timer0_Wait
 .text.CLKPWR_SetPCLKDiv
                0x00003d78       0xd0 C:\Users\Ihsan\Documents\lpcxpresso_3.6.3_317\workspace\Lib_MCU\Debug\libLib_MCU.a(lpc17xx_clkpwr.o)
                0x00003d78                CLKPWR_SetPCLKDiv
 .text.CLKPWR_GetPCLKSEL
                0x00003e48       0x54 C:\Users\Ihsan\Documents\lpcxpresso_3.6.3_317\workspace\Lib_MCU\Debug\libLib_MCU.a(lpc17xx_clkpwr.o)
                0x00003e48                CLKPWR_GetPCLKSEL
 .text.CLKPWR_GetPCLK
                0x00003e9c       0x70 C:\Users\Ihsan\Documents\lpcxpresso_3.6.3_317\workspace\Lib_MCU\Debug\libLib_MCU.a(lpc17xx_clkpwr.o)
                0x00003e9c                CLKPWR_GetPCLK
 .text.CLKPWR_ConfigPPWR
                0x00003f0c       0x7c C:\Users\Ihsan\Documents\lpcxpresso_3.6.3_317\workspace\Lib_MCU\Debug\libLib_MCU.a(lpc17xx_clkpwr.o)
                0x00003f0c                CLKPWR_ConfigPPWR
 .text          0x00003f88       0x54 c:/nxp/lpcxpresso_3.6.3_317/tools/bin/../lib/gcc/arm-none-eabi/4.3.3/../../../../arm-none-eabi/lib/thumb2\libcr_semihost.a(_cr__main.o)
                0x00003f88                __main
 .text._init_alloc
                0x00003fdc       0x18 c:/nxp/lpcxpresso_3.6.3_317/tools/bin/../lib/gcc/arm-none-eabi/4.3.3/../../../../arm-none-eabi/lib/thumb2\libcr_c.a(__init_alloc.o)
                0x00003fdc                _init_alloc
 .text          0x00003ff4      0x36c c:/nxp/lpcxpresso_3.6.3_317/tools/bin/../lib/gcc/arm-none-eabi/4.3.3/../../../../arm-none-eabi/lib/thumb2\libcr_c.a(ctype.o)
                0x00003ff4                _start_module_ctype
                0x000040c8                islower
                0x000041b8                tolower
                0x00004118                ispunct
                0x00004140                isspace
                0x00004354                _end_module_ctype
                0x00004190                isxdigit
                0x000042d0                _ctype_init
                0x00004168                isupper
                0x00004028                isalpha
                0x000040a0                isgraph
                0x00004000                isalnum
                0x000040f0                isprint
                0x00004230                _set_ctype_8859
                0x00004078                isdigit
                0x00004050                iscntrl
                0x000041f4                toupper
 .text.fp_round
                0x00004360       0x68 c:/nxp/lpcxpresso_3.6.3_317/tools/bin/../lib/gcc/arm-none-eabi/4.3.3/../../../../arm-none-eabi/lib/thumb2\libcr_c.a(fpprintf.o)
 .text.sprintf  0x000043c8       0x70 c:/nxp/lpcxpresso_3.6.3_317/tools/bin/../lib/gcc/arm-none-eabi/4.3.3/../../../../arm-none-eabi/lib/thumb2\libcr_c.a(fpprintf.o)
                0x000043c8                sprintf
 .text.fp_display
                0x00004438      0xc68 c:/nxp/lpcxpresso_3.6.3_317/tools/bin/../lib/gcc/arm-none-eabi/4.3.3/../../../../arm-none-eabi/lib/thumb2\libcr_c.a(fpprintf.o)
 .text.printf   0x000050a0       0x38 c:/nxp/lpcxpresso_3.6.3_317/tools/bin/../lib/gcc/arm-none-eabi/4.3.3/../../../../arm-none-eabi/lib/thumb2\libcr_c.a(fpprintf.o)
                0x000050a0                printf
 .text._terminateio
                0x000050d8       0x44 c:/nxp/lpcxpresso_3.6.3_317/tools/bin/../lib/gcc/arm-none-eabi/4.3.3/../../../../arm-none-eabi/lib/thumb2\libcr_c.a(initio.o)
                0x000050d8                _terminateio
 .text._initio  0x0000511c       0xc0 c:/nxp/lpcxpresso_3.6.3_317/tools/bin/../lib/gcc/arm-none-eabi/4.3.3/../../../../arm-none-eabi/lib/thumb2\libcr_c.a(initio.o)
                0x0000511c                _initio
 .text.memset   0x000051dc       0x50 c:/nxp/lpcxpresso_3.6.3_317/tools/bin/../lib/gcc/arm-none-eabi/4.3.3/../../../../arm-none-eabi/lib/thumb2\libcr_c.a(memset.o)
                0x000051dc                memset
 .text.__vfprintf
                0x0000522c     0x10fc c:/nxp/lpcxpresso_3.6.3_317/tools/bin/../lib/gcc/arm-none-eabi/4.3.3/../../../../arm-none-eabi/lib/thumb2\libcr_c.a(printf.o)
                0x0000522c                __vfprintf
 .text.setvbuf  0x00006328       0x50 c:/nxp/lpcxpresso_3.6.3_317/tools/bin/../lib/gcc/arm-none-eabi/4.3.3/../../../../arm-none-eabi/lib/thumb2\libcr_c.a(setvbuf.o)
                0x00006328                setvbuf
 .text._exit_init
                0x00006378       0x10 c:/nxp/lpcxpresso_3.6.3_317/tools/bin/../lib/gcc/arm-none-eabi/4.3.3/../../../../arm-none-eabi/lib/thumb2\libcr_c.a(stdlib.o)
                0x00006378                _exit_init
 .text.exit     0x00006388       0x38 c:/nxp/lpcxpresso_3.6.3_317/tools/bin/../lib/gcc/arm-none-eabi/4.3.3/../../../../arm-none-eabi/lib/thumb2\libcr_c.a(stdlib.o)
                0x00006388                exit
 .text.strcat   0x000063c0       0x24 c:/nxp/lpcxpresso_3.6.3_317/tools/bin/../lib/gcc/arm-none-eabi/4.3.3/../../../../arm-none-eabi/lib/thumb2\libcr_c.a(strcat.o)
                0x000063c0                strcat
 .text.strcpy   0x000063e4       0x60 c:/nxp/lpcxpresso_3.6.3_317/tools/bin/../lib/gcc/arm-none-eabi/4.3.3/../../../../arm-none-eabi/lib/thumb2\libcr_c.a(strcpy.o)
                0x000063e4                strcpy
 .text.strlen   0x00006444       0x58 c:/nxp/lpcxpresso_3.6.3_317/tools/bin/../lib/gcc/arm-none-eabi/4.3.3/../../../../arm-none-eabi/lib/thumb2\libcr_c.a(strlen.o)
                0x00006444                strlen
 .text._deferredlazyseek
                0x0000649c       0x44 c:/nxp/lpcxpresso_3.6.3_317/tools/bin/../lib/gcc/arm-none-eabi/4.3.3/../../../../arm-none-eabi/lib/thumb2\libcr_c.a(_deferredlazyseek.o)
                0x0000649c                _deferredlazyseek
 .text.__flsbuf
                0x000064e0      0x19c c:/nxp/lpcxpresso_3.6.3_317/tools/bin/../lib/gcc/arm-none-eabi/4.3.3/../../../../arm-none-eabi/lib/thumb2\libcr_c.a(_deferredlazyseek.o)
                0x000064e0                __flsbuf
 .text._fdopen  0x0000667c       0x70 c:/nxp/lpcxpresso_3.6.3_317/tools/bin/../lib/gcc/arm-none-eabi/4.3.3/../../../../arm-none-eabi/lib/thumb2\libcr_c.a(_fdopen.o)
                0x0000667c                _fdopen
 .text._fflush  0x000066ec       0x60 c:/nxp/lpcxpresso_3.6.3_317/tools/bin/../lib/gcc/arm-none-eabi/4.3.3/../../../../arm-none-eabi/lib/thumb2\libcr_c.a(_fflush.o)
                0x000066ec                _fflush
 .text._frexpl  0x0000674c       0x54 c:/nxp/lpcxpresso_3.6.3_317/tools/bin/../lib/gcc/arm-none-eabi/4.3.3/../../../../arm-none-eabi/lib/thumb2\libcr_c.a(_frexpl.o)
                0x0000674c                _frexpl
 .text._ldexpl  0x000067a0       0x50 c:/nxp/lpcxpresso_3.6.3_317/tools/bin/../lib/gcc/arm-none-eabi/4.3.3/../../../../arm-none-eabi/lib/thumb2\libcr_c.a(_ldexpl.o)
                0x000067a0                _ldexpl
 .text._Cwritebuf
                0x000067f0       0xa0 c:/nxp/lpcxpresso_3.6.3_317/tools/bin/../lib/gcc/arm-none-eabi/4.3.3/../../../../arm-none-eabi/lib/thumb2\libcr_c.a(_writebuf.o)
                0x000067f0                _Cwritebuf
 .text.free     0x00006890        0xc c:/nxp/lpcxpresso_3.6.3_317/tools/bin/../lib/gcc/arm-none-eabi/4.3.3/../../../../arm-none-eabi/lib/thumb2\libcr_c.a(alloc.o)
                0x00006890                free
 .text.malloc   0x0000689c       0xe8 c:/nxp/lpcxpresso_3.6.3_317/tools/bin/../lib/gcc/arm-none-eabi/4.3.3/../../../../arm-none-eabi/lib/thumb2\libcr_c.a(alloc.o)
                0x0000689c                malloc
 .text._Csys_alloc
                0x00006984       0x30 c:/nxp/lpcxpresso_3.6.3_317/tools/bin/../lib/gcc/arm-none-eabi/4.3.3/../../../../arm-none-eabi/lib/thumb2\libcr_c.a(alloc.o)
                0x00006984                _Csys_alloc
 .text.calloc   0x000069b4       0x68 c:/nxp/lpcxpresso_3.6.3_317/tools/bin/../lib/gcc/arm-none-eabi/4.3.3/../../../../arm-none-eabi/lib/thumb2\libcr_c.a(alloc.o)
                0x000069b4                calloc
 .text._Csysdie
                0x00006a1c       0x3c c:/nxp/lpcxpresso_3.6.3_317/tools/bin/../lib/gcc/arm-none-eabi/4.3.3/../../../../arm-none-eabi/lib/thumb2\libcr_c.a(error.o)
                0x00006a1c                _Csysdie
 .text.fclose   0x00006a58       0x80 c:/nxp/lpcxpresso_3.6.3_317/tools/bin/../lib/gcc/arm-none-eabi/4.3.3/../../../../arm-none-eabi/lib/thumb2\libcr_c.a(fclose.o)
                0x00006a58                fclose
 .text.fflush   0x00006ad8       0x34 c:/nxp/lpcxpresso_3.6.3_317/tools/bin/../lib/gcc/arm-none-eabi/4.3.3/../../../../arm-none-eabi/lib/thumb2\libcr_c.a(fflush.o)
                0x00006ad8                fflush
 .text.fseek    0x00006b0c      0x110 c:/nxp/lpcxpresso_3.6.3_317/tools/bin/../lib/gcc/arm-none-eabi/4.3.3/../../../../arm-none-eabi/lib/thumb2\libcr_c.a(fseek.o)
                0x00006b0c                fseek
 .text.ftell    0x00006c1c       0x54 c:/nxp/lpcxpresso_3.6.3_317/tools/bin/../lib/gcc/arm-none-eabi/4.3.3/../../../../arm-none-eabi/lib/thumb2\libcr_c.a(ftell.o)
                0x00006c1c                ftell
 .text.remove   0x00006c70        0xc c:/nxp/lpcxpresso_3.6.3_317/tools/bin/../lib/gcc/arm-none-eabi/4.3.3/../../../../arm-none-eabi/lib/thumb2\libcr_c.a(remove.o)
                0x00006c70                remove
 .text._do_fflush
                0x00006c7c       0x48 c:/nxp/lpcxpresso_3.6.3_317/tools/bin/../lib/gcc/arm-none-eabi/4.3.3/../../../../arm-none-eabi/lib/thumb2\libcr_c.a(_do_fflush.o)
                0x00006c7c                _do_fflush
 .text.__aeabi_dmul
                0x00006cc4      0x178 c:/nxp/lpcxpresso_3.6.3_317/tools/bin/../lib/gcc/arm-none-eabi/4.3.3/thumb2\libcr_eabihelpers.a(double.o)
                0x00006cc4                __aeabi_dmul
 .text.__aeabi_ddiv
                0x00006e3c      0x20c c:/nxp/lpcxpresso_3.6.3_317/tools/bin/../lib/gcc/arm-none-eabi/4.3.3/thumb2\libcr_eabihelpers.a(double.o)
                0x00006e3c                __aeabi_ddiv
 .text.__aeabi_dsub
                0x00007048      0x230 c:/nxp/lpcxpresso_3.6.3_317/tools/bin/../lib/gcc/arm-none-eabi/4.3.3/thumb2\libcr_eabihelpers.a(double.o)
                0x00007048                __aeabi_dsub
 .text.__aeabi_dadd
                0x00007278      0x160 c:/nxp/lpcxpresso_3.6.3_317/tools/bin/../lib/gcc/arm-none-eabi/4.3.3/thumb2\libcr_eabihelpers.a(double.o)
                0x00007278                __aeabi_dadd
 .text.__aeabi_d2iz
                0x000073d8       0x50 c:/nxp/lpcxpresso_3.6.3_317/tools/bin/../lib/gcc/arm-none-eabi/4.3.3/thumb2\libcr_eabihelpers.a(double.o)
                0x000073d8                __aeabi_d2iz
 .text.__aeabi_dcmpeq
                0x00007428       0x4c c:/nxp/lpcxpresso_3.6.3_317/tools/bin/../lib/gcc/arm-none-eabi/4.3.3/thumb2\libcr_eabihelpers.a(double.o)
                0x00007428                __aeabi_dcmpeq
 .text.__aeabi_dcmplt
                0x00007474       0x74 c:/nxp/lpcxpresso_3.6.3_317/tools/bin/../lib/gcc/arm-none-eabi/4.3.3/thumb2\libcr_eabihelpers.a(double.o)
                0x00007474                __aeabi_dcmplt
 .text.__aeabi_dcmple
                0x000074e8       0x7c c:/nxp/lpcxpresso_3.6.3_317/tools/bin/../lib/gcc/arm-none-eabi/4.3.3/thumb2\libcr_eabihelpers.a(double.o)
                0x000074e8                __aeabi_dcmple
 .text.__aeabi_dcmpge
                0x00007564       0x80 c:/nxp/lpcxpresso_3.6.3_317/tools/bin/../lib/gcc/arm-none-eabi/4.3.3/thumb2\libcr_eabihelpers.a(double.o)
                0x00007564                __aeabi_dcmpge
 .text.__aeabi_i2d
                0x000075e4       0x50 c:/nxp/lpcxpresso_3.6.3_317/tools/bin/../lib/gcc/arm-none-eabi/4.3.3/thumb2\libcr_eabihelpers.a(double.o)
                0x000075e4                __aeabi_i2d
 .text          0x00007634       0x54 c:/nxp/lpcxpresso_3.6.3_317/tools/bin/../lib/gcc/arm-none-eabi/4.3.3/thumb2\libcr_eabihelpers.a(helpers.o)
                0x00007670                __aeabi_uldivmod
                0x00007646                __aeabi_uidivmod
                0x00007634                __aeabi_idivmod
                0x00007658                __aeabi_ldivmod
 .text.__aeabi_idiv0
                0x00007688        0x4 c:/nxp/lpcxpresso_3.6.3_317/tools/bin/../lib/gcc/arm-none-eabi/4.3.3/thumb2\libcr_eabihelpers.a(rtlib.o)
                0x00007688                __aeabi_idiv0
 .text.__bhs_uidivmod
                0x0000768c       0x74 c:/nxp/lpcxpresso_3.6.3_317/tools/bin/../lib/gcc/arm-none-eabi/4.3.3/thumb2\libcr_eabihelpers.a(rtlib.o)
                0x0000768c                __bhs_uidivmod
 .text.__aeabi_ldiv0
                0x00007700        0x4 c:/nxp/lpcxpresso_3.6.3_317/tools/bin/../lib/gcc/arm-none-eabi/4.3.3/thumb2\libcr_eabihelpers.a(rtlib.o)
                0x00007700                __aeabi_ldiv0
 .text.__bhs_idivmod
                0x00007704       0x98 c:/nxp/lpcxpresso_3.6.3_317/tools/bin/../lib/gcc/arm-none-eabi/4.3.3/thumb2\libcr_eabihelpers.a(rtlib.o)
                0x00007704                __bhs_idivmod
 .text.__bhs_uldivmod
                0x0000779c      0x1b8 c:/nxp/lpcxpresso_3.6.3_317/tools/bin/../lib/gcc/arm-none-eabi/4.3.3/thumb2\libcr_eabihelpers.a(rtlib.o)
                0x0000779c                __bhs_uldivmod
 .text.__bhs_ldivmod
                0x00007954      0x20c c:/nxp/lpcxpresso_3.6.3_317/tools/bin/../lib/gcc/arm-none-eabi/4.3.3/thumb2\libcr_eabihelpers.a(rtlib.o)
                0x00007954                __bhs_ldivmod
 .text          0x00007b60       0x24 c:/nxp/lpcxpresso_3.6.3_317/tools/bin/../lib/gcc/arm-none-eabi/4.3.3/../../../../arm-none-eabi/lib/thumb2\libcr_semihost.a(_cr_sbrk.o)
                0x00007b60                _sbrk
 .text          0x00007b84      0x13c c:/nxp/lpcxpresso_3.6.3_317/tools/bin/../lib/gcc/arm-none-eabi/4.3.3/../../../../arm-none-eabi/lib/thumb2\libcr_semihost.a(cr_sys.o)
                0x00007be8                _Csys_read_
                0x00007c50                _Csyscall2
                0x00007b84                _Csyscall0
                0x00007ba8                _Csys_tmpnam_
                0x00007ba0                _Csys_open
                0x00007c08                _Csyscall3
                0x00007c70                _Csyscall1
 .text          0x00007cc0       0x14 c:/nxp/lpcxpresso_3.6.3_317/tools/bin/../lib/gcc/arm-none-eabi/4.3.3/../../../../arm-none-eabi/lib/thumb2\libcr_semihost.a(cr__close.o)
                0x00007cc0                __close
 .text          0x00007cd4       0x10 c:/nxp/lpcxpresso_3.6.3_317/tools/bin/../lib/gcc/arm-none-eabi/4.3.3/../../../../arm-none-eabi/lib/thumb2\libcr_semihost.a(cr__exit.o)
                0x00007cd4                __exit
 .text          0x00007ce4       0x24 c:/nxp/lpcxpresso_3.6.3_317/tools/bin/../lib/gcc/arm-none-eabi/4.3.3/../../../../arm-none-eabi/lib/thumb2\libcr_semihost.a(cr__open.o)
                0x00007ce4                __open
 .text          0x00007d08       0x24 c:/nxp/lpcxpresso_3.6.3_317/tools/bin/../lib/gcc/arm-none-eabi/4.3.3/../../../../arm-none-eabi/lib/thumb2\libcr_semihost.a(cr__read.o)
                0x00007d08                __read
 .text          0x00007d2c       0x10 c:/nxp/lpcxpresso_3.6.3_317/tools/bin/../lib/gcc/arm-none-eabi/4.3.3/../../../../arm-none-eabi/lib/thumb2\libcr_semihost.a(cr__readc.o)
                0x00007d2c                __readc
 .text          0x00007d3c       0x20 c:/nxp/lpcxpresso_3.6.3_317/tools/bin/../lib/gcc/arm-none-eabi/4.3.3/../../../../arm-none-eabi/lib/thumb2\libcr_semihost.a(cr__unlink.o)
                0x00007d3c                __unlink
 .text          0x00007d5c       0x20 c:/nxp/lpcxpresso_3.6.3_317/tools/bin/../lib/gcc/arm-none-eabi/4.3.3/../../../../arm-none-eabi/lib/thumb2\libcr_semihost.a(cr__write.o)
                0x00007d5c                __write
 *fill*         0x00007d7c        0x4 00
 .text          0x00007d80       0x40 c:/nxp/lpcxpresso_3.6.3_317/tools/bin/../lib/gcc/arm-none-eabi/4.3.3/../../../../arm-none-eabi/lib/thumb2\libcr_semihost.a(cr_stubs.o)
                0x00007da4                _stub_istty
                0x00007d98                _stub_clock
                0x00007d80                _stub_read
                0x00007d8c                _stub_tmpnam
                0x00007db2                _stub_seek
                0x00007d9e                _stub_time
 *(.rodata .rodata.*)
 .rodata        0x00007dc0       0xa0 ./src/main.o
 .rodata        0x00007e60        0x8 C:\Users\Ihsan\Documents\lpcxpresso_3.6.3_317\workspace\Lib_EaBaseBoard\Debug\libLib_EaBaseBoard.a(oled.o)
 .rodata        0x00007e68      0x300 C:\Users\Ihsan\Documents\lpcxpresso_3.6.3_317\workspace\Lib_EaBaseBoard\Debug\libLib_EaBaseBoard.a(font5x7.o)
                0x00007e68                font5x7
 .rodata        0x00008168       0x18 C:\Users\Ihsan\Documents\lpcxpresso_3.6.3_317\workspace\Lib_MCU\Debug\libLib_MCU.a(lpc17xx_i2c.o)
 .rodata        0x00008180       0x18 C:\Users\Ihsan\Documents\lpcxpresso_3.6.3_317\workspace\Lib_MCU\Debug\libLib_MCU.a(lpc17xx_ssp.o)
 .rodata        0x00008198       0x18 C:\Users\Ihsan\Documents\lpcxpresso_3.6.3_317\workspace\Lib_MCU\Debug\libLib_MCU.a(lpc17xx_timer.o)
 .rodata.str1.4
                0x000081b0       0x43 c:/nxp/lpcxpresso_3.6.3_317/tools/bin/../lib/gcc/arm-none-eabi/4.3.3/../../../../arm-none-eabi/lib/thumb2\libcr_c.a(fpprintf.o)
                                 0x48 (size before relaxing)
 *fill*         0x000081f3        0x1 00
 .rodata.str1.4
                0x000081f4        0x6 c:/nxp/lpcxpresso_3.6.3_317/tools/bin/../lib/gcc/arm-none-eabi/4.3.3/../../../../arm-none-eabi/lib/thumb2\libcr_c.a(initio.o)
                                  0x8 (size before relaxing)
 *fill*         0x000081fa        0x2 00
 .rodata.str1.4
                0x000081fc       0x3a c:/nxp/lpcxpresso_3.6.3_317/tools/bin/../lib/gcc/arm-none-eabi/4.3.3/../../../../arm-none-eabi/lib/thumb2\libcr_c.a(printf.o)
                                 0x4c (size before relaxing)
 *fill*         0x00008236        0x2 00
 .rodata.str1.4
                0x00008238       0x63 c:/nxp/lpcxpresso_3.6.3_317/tools/bin/../lib/gcc/arm-none-eabi/4.3.3/../../../../arm-none-eabi/lib/thumb2\libcr_c.a(alloc.o)
                                 0x64 (size before relaxing)
 *fill*         0x0000829b        0x1 00
 .rodata.str1.4
                0x0000829c      0x10c c:/nxp/lpcxpresso_3.6.3_317/tools/bin/../lib/gcc/arm-none-eabi/4.3.3/../../../../arm-none-eabi/lib/thumb2\libcr_c.a(error.o)
                                0x110 (size before relaxing)
 .rodata.__huge_vall
                0x000083a8        0x8 c:/nxp/lpcxpresso_3.6.3_317/tools/bin/../lib/gcc/arm-none-eabi/4.3.3/../../../../arm-none-eabi/lib/thumb2\libcr_c.a(_hugeval.o)
                0x000083a8                __huge_vall
 .rodata.str1.1
                0x000083b0        0xc c:/nxp/lpcxpresso_3.6.3_317/tools/bin/../lib/gcc/arm-none-eabi/4.3.3/../../../../arm-none-eabi/lib/thumb2\libcr_semihost.a(cr_sys.o)
                0x000083bc                . = ALIGN (0x4)

.glue_7         0x000083bc        0x0
 .glue_7        0x00000000        0x0 linker stubs

.glue_7t        0x000083bc        0x0
 .glue_7t       0x00000000        0x0 linker stubs

.vfp11_veneer   0x000083bc        0x0
 .vfp11_veneer  0x00000000        0x0 linker stubs

.v4_bx          0x000083bc        0x0
 .v4_bx         0x00000000        0x0 linker stubs

.ARM.extab
 *(.ARM.extab* .gnu.linkonce.armextab.*)
                0x000083bc                __exidx_start = .

.ARM.exidx
 *(.ARM.exidx* .gnu.linkonce.armexidx.*)
                0x000083bc                __exidx_end = .
                0x000083bc                _etext = .

.data_RAM2      0x2007c000        0x0 load address 0x000083bc
 FILL mask 0xff
 *(.data.$RAM2*)
 *(.data.$RamAHB32*)
                0x2007c000                . = ALIGN (0x4)

.data_RAM3      0x40038000        0x0 load address 0x000083bc
 FILL mask 0xff
 *(.data.$RAM3*)
 *(.data.$CANAccFilterRAM*)
                0x40038000                . = ALIGN (0x4)

.uninit_RESERVED
 *(.bss.$RESERVED*)

.data           0x10000000      0x264 load address 0x000083bc
 FILL mask 0xff
                0x10000000                _data = .
 *(vtable)
 *(.data*)
 .data          0x10000000        0x4 ./src/main.o
                0x10000000                extflag
 .data          0x10000004        0x4 C:\Users\Ihsan\Documents\lpcxpresso_3.6.3_317\workspace\Lib_CMSISv1p30_LPC17xx\Debug\libCMSISv1p30_LPC17xx.a(system_LPC17xx.o)
                0x10000004                SystemCoreClock
 .data          0x10000008       0x50 C:\Users\Ihsan\Documents\lpcxpresso_3.6.3_317\workspace\Lib_EaBaseBoard\Debug\libLib_EaBaseBoard.a(led7seg.o)
 .data          0x10000058        0x8 C:\Users\Ihsan\Documents\lpcxpresso_3.6.3_317\workspace\Lib_EaBaseBoard\Debug\libLib_EaBaseBoard.a(light.o)
 .data          0x10000060      0x204 c:/nxp/lpcxpresso_3.6.3_317/tools/bin/../lib/gcc/arm-none-eabi/4.3.3/../../../../arm-none-eabi/lib/thumb2\libcr_c.a(ctype.o)
                0x10000060                __ctype
                0x10000264                . = ALIGN (0x4)
                0x10000264                _edata = .

.bss_RAM2       0x2007c000        0x0
 *(.bss.$RAM2*)
 *(.bss.$RamAHB32*)
                0x2007c000                . = ALIGN (0x4)

.bss_RAM3       0x40038000        0x0
 *(.bss.$RAM3*)
 *(.bss.$CANAccFilterRAM*)
                0x40038000                . = ALIGN (0x4)

.bss            0x10000264      0x6a8
                0x10000264                _bss = .
 *(.bss*)
 .bss           0x10000264        0xc ./src/main.o
                0x10000268                z_gravity
                0x10000264                mode
                0x1000026c                msTicks
 .bss           0x10000270      0x300 C:\Users\Ihsan\Documents\lpcxpresso_3.6.3_317\workspace\Lib_EaBaseBoard\Debug\libLib_EaBaseBoard.a(oled.o)
 .bss           0x10000570        0x4 C:\Users\Ihsan\Documents\lpcxpresso_3.6.3_317\workspace\Lib_EaBaseBoard\Debug\libLib_EaBaseBoard.a(temp.o)
 .bss           0x10000574       0x24 C:\Users\Ihsan\Documents\lpcxpresso_3.6.3_317\workspace\Lib_MCU\Debug\libLib_MCU.a(lpc17xx_i2c.o)
 .bss           0x10000598       0x18 C:\Users\Ihsan\Documents\lpcxpresso_3.6.3_317\workspace\Lib_MCU\Debug\libLib_MCU.a(lpc17xx_ssp.o)
 .bss.sys_message
                0x100005b0       0x3c c:/nxp/lpcxpresso_3.6.3_317/tools/bin/../lib/gcc/arm-none-eabi/4.3.3/../../../../arm-none-eabi/lib/thumb2\libcr_c.a(alloc.o)
 .bss           0x100005ec        0x4 c:/nxp/lpcxpresso_3.6.3_317/tools/bin/../lib/gcc/arm-none-eabi/4.3.3/../../../../arm-none-eabi/lib/thumb2\libcr_semihost.a(cr_sys.o)
 *(COMMON)
 COMMON         0x100005f0        0x8 c:/nxp/lpcxpresso_3.6.3_317/tools/bin/../lib/gcc/arm-none-eabi/4.3.3/../../../../arm-none-eabi/lib/thumb2\libcr_semihost.a(_cr__main.o)
                0x100005f0                errno
                0x100005f4                _error_recursion
 COMMON         0x100005f8        0x8 c:/nxp/lpcxpresso_3.6.3_317/tools/bin/../lib/gcc/arm-none-eabi/4.3.3/../../../../arm-none-eabi/lib/thumb2\libcr_c.a(__init_alloc.o)
                0x100005f8                __heaps
                0x100005fc                __end_of_heap
 COMMON         0x10000600        0x4 c:/nxp/lpcxpresso_3.6.3_317/tools/bin/../lib/gcc/arm-none-eabi/4.3.3/../../../../arm-none-eabi/lib/thumb2\libcr_c.a(initio.o)
                0x10000600                _extra
 COMMON         0x10000604      0x280 c:/nxp/lpcxpresso_3.6.3_317/tools/bin/../lib/gcc/arm-none-eabi/4.3.3/../../../../arm-none-eabi/lib/thumb2\libcr_c.a(stdio.o)
                0x10000604                __Ciob
 COMMON         0x10000884       0x88 c:/nxp/lpcxpresso_3.6.3_317/tools/bin/../lib/gcc/arm-none-eabi/4.3.3/../../../../arm-none-eabi/lib/thumb2\libcr_c.a(stdlib.o)
                0x10000884                _exitvector
                0x10000908                _number_of_exit_functions
                0x1000090c                . = ALIGN (0x4)
                0x1000090c                _ebss = .
                0x1000090c                PROVIDE (end, .)
                0x1000090c                PROVIDE (_pvHeapStart, .)
                0x10008000                PROVIDE (_vStackTop, (__top_RamLoc32 - 0x0))
OUTPUT(demo.axf elf32-littlearm)

.debug_abbrev   0x00000000     0x15c8
 .debug_abbrev  0x00000000       0xbd ./src/cr_startup_lpc17.o
 .debug_abbrev  0x000000bd      0x25e ./src/main.o
 .debug_abbrev  0x0000031b       0xc6 C:\Users\Ihsan\Documents\lpcxpresso_3.6.3_317\workspace\Lib_CMSISv1p30_LPC17xx\Debug\libCMSISv1p30_LPC17xx.a(system_LPC17xx.o)
 .debug_abbrev  0x000003e1      0x165 C:\Users\Ihsan\Documents\lpcxpresso_3.6.3_317\workspace\Lib_EaBaseBoard\Debug\libLib_EaBaseBoard.a(acc.o)
 .debug_abbrev  0x00000546      0x151 C:\Users\Ihsan\Documents\lpcxpresso_3.6.3_317\workspace\Lib_EaBaseBoard\Debug\libLib_EaBaseBoard.a(led7seg.o)
 .debug_abbrev  0x00000697      0x1c6 C:\Users\Ihsan\Documents\lpcxpresso_3.6.3_317\workspace\Lib_EaBaseBoard\Debug\libLib_EaBaseBoard.a(light.o)
 .debug_abbrev  0x0000085d      0x1ed C:\Users\Ihsan\Documents\lpcxpresso_3.6.3_317\workspace\Lib_EaBaseBoard\Debug\libLib_EaBaseBoard.a(oled.o)
 .debug_abbrev  0x00000a4a       0xcb C:\Users\Ihsan\Documents\lpcxpresso_3.6.3_317\workspace\Lib_EaBaseBoard\Debug\libLib_EaBaseBoard.a(temp.o)
 .debug_abbrev  0x00000b15       0x54 C:\Users\Ihsan\Documents\lpcxpresso_3.6.3_317\workspace\Lib_EaBaseBoard\Debug\libLib_EaBaseBoard.a(font5x7.o)
 .debug_abbrev  0x00000b69      0x18e C:\Users\Ihsan\Documents\lpcxpresso_3.6.3_317\workspace\Lib_MCU\Debug\libLib_MCU.a(lpc17xx_gpio.o)
 .debug_abbrev  0x00000cf7      0x253 C:\Users\Ihsan\Documents\lpcxpresso_3.6.3_317\workspace\Lib_MCU\Debug\libLib_MCU.a(lpc17xx_i2c.o)
 .debug_abbrev  0x00000f4a       0x6a C:\Users\Ihsan\Documents\lpcxpresso_3.6.3_317\workspace\Lib_MCU\Debug\libLib_MCU.a(lpc17xx_libcfg_default.o)
 .debug_abbrev  0x00000fb4      0x113 C:\Users\Ihsan\Documents\lpcxpresso_3.6.3_317\workspace\Lib_MCU\Debug\libLib_MCU.a(lpc17xx_pinsel.o)
 .debug_abbrev  0x000010c7      0x1dc C:\Users\Ihsan\Documents\lpcxpresso_3.6.3_317\workspace\Lib_MCU\Debug\libLib_MCU.a(lpc17xx_ssp.o)
 .debug_abbrev  0x000012a3      0x1a8 C:\Users\Ihsan\Documents\lpcxpresso_3.6.3_317\workspace\Lib_MCU\Debug\libLib_MCU.a(lpc17xx_timer.o)
 .debug_abbrev  0x0000144b      0x17d C:\Users\Ihsan\Documents\lpcxpresso_3.6.3_317\workspace\Lib_MCU\Debug\libLib_MCU.a(lpc17xx_clkpwr.o)

.debug_info     0x00000000     0x6027
 .debug_info    0x00000000      0x1ec ./src/cr_startup_lpc17.o
 .debug_info    0x000001ec      0xc45 ./src/main.o
 .debug_info    0x00000e31      0x334 C:\Users\Ihsan\Documents\lpcxpresso_3.6.3_317\workspace\Lib_CMSISv1p30_LPC17xx\Debug\libCMSISv1p30_LPC17xx.a(system_LPC17xx.o)
 .debug_info    0x00001165      0x526 C:\Users\Ihsan\Documents\lpcxpresso_3.6.3_317\workspace\Lib_EaBaseBoard\Debug\libLib_EaBaseBoard.a(acc.o)
 .debug_info    0x0000168b      0x26b C:\Users\Ihsan\Documents\lpcxpresso_3.6.3_317\workspace\Lib_EaBaseBoard\Debug\libLib_EaBaseBoard.a(led7seg.o)
 .debug_info    0x000018f6      0x74c C:\Users\Ihsan\Documents\lpcxpresso_3.6.3_317\workspace\Lib_EaBaseBoard\Debug\libLib_EaBaseBoard.a(light.o)
 .debug_info    0x00002042      0x954 C:\Users\Ihsan\Documents\lpcxpresso_3.6.3_317\workspace\Lib_EaBaseBoard\Debug\libLib_EaBaseBoard.a(oled.o)
 .debug_info    0x00002996      0x149 C:\Users\Ihsan\Documents\lpcxpresso_3.6.3_317\workspace\Lib_EaBaseBoard\Debug\libLib_EaBaseBoard.a(temp.o)
 .debug_info    0x00002adf       0x61 C:\Users\Ihsan\Documents\lpcxpresso_3.6.3_317\workspace\Lib_EaBaseBoard\Debug\libLib_EaBaseBoard.a(font5x7.o)
 .debug_info    0x00002b40      0xb8a C:\Users\Ihsan\Documents\lpcxpresso_3.6.3_317\workspace\Lib_MCU\Debug\libLib_MCU.a(lpc17xx_gpio.o)
 .debug_info    0x000036ca      0xcad C:\Users\Ihsan\Documents\lpcxpresso_3.6.3_317\workspace\Lib_MCU\Debug\libLib_MCU.a(lpc17xx_i2c.o)
 .debug_info    0x00004377       0xcd C:\Users\Ihsan\Documents\lpcxpresso_3.6.3_317\workspace\Lib_MCU\Debug\libLib_MCU.a(lpc17xx_libcfg_default.o)
 .debug_info    0x00004444      0x49b C:\Users\Ihsan\Documents\lpcxpresso_3.6.3_317\workspace\Lib_MCU\Debug\libLib_MCU.a(lpc17xx_pinsel.o)
 .debug_info    0x000048df      0x85c C:\Users\Ihsan\Documents\lpcxpresso_3.6.3_317\workspace\Lib_MCU\Debug\libLib_MCU.a(lpc17xx_ssp.o)
 .debug_info    0x0000513b      0x8d9 C:\Users\Ihsan\Documents\lpcxpresso_3.6.3_317\workspace\Lib_MCU\Debug\libLib_MCU.a(lpc17xx_timer.o)
 .debug_info    0x00005a14      0x613 C:\Users\Ihsan\Documents\lpcxpresso_3.6.3_317\workspace\Lib_MCU\Debug\libLib_MCU.a(lpc17xx_clkpwr.o)

.debug_line     0x00000000     0x44c6
 .debug_line    0x00000000      0x375 ./src/cr_startup_lpc17.o
 .debug_line    0x00000375      0x5f6 ./src/main.o
 .debug_line    0x0000096b      0x31d C:\Users\Ihsan\Documents\lpcxpresso_3.6.3_317\workspace\Lib_CMSISv1p30_LPC17xx\Debug\libCMSISv1p30_LPC17xx.a(system_LPC17xx.o)
 .debug_line    0x00000c88      0x444 C:\Users\Ihsan\Documents\lpcxpresso_3.6.3_317\workspace\Lib_EaBaseBoard\Debug\libLib_EaBaseBoard.a(acc.o)
 .debug_line    0x000010cc      0x3bf C:\Users\Ihsan\Documents\lpcxpresso_3.6.3_317\workspace\Lib_EaBaseBoard\Debug\libLib_EaBaseBoard.a(led7seg.o)
 .debug_line    0x0000148b      0x4ef C:\Users\Ihsan\Documents\lpcxpresso_3.6.3_317\workspace\Lib_EaBaseBoard\Debug\libLib_EaBaseBoard.a(light.o)
 .debug_line    0x0000197a      0x5e0 C:\Users\Ihsan\Documents\lpcxpresso_3.6.3_317\workspace\Lib_EaBaseBoard\Debug\libLib_EaBaseBoard.a(oled.o)
 .debug_line    0x00001f5a      0x3af C:\Users\Ihsan\Documents\lpcxpresso_3.6.3_317\workspace\Lib_EaBaseBoard\Debug\libLib_EaBaseBoard.a(temp.o)
 .debug_line    0x00002309       0x8d C:\Users\Ihsan\Documents\lpcxpresso_3.6.3_317\workspace\Lib_EaBaseBoard\Debug\libLib_EaBaseBoard.a(font5x7.o)
 .debug_line    0x00002396      0x52a C:\Users\Ihsan\Documents\lpcxpresso_3.6.3_317\workspace\Lib_MCU\Debug\libLib_MCU.a(lpc17xx_gpio.o)
 .debug_line    0x000028c0      0x687 C:\Users\Ihsan\Documents\lpcxpresso_3.6.3_317\workspace\Lib_MCU\Debug\libLib_MCU.a(lpc17xx_i2c.o)
 .debug_line    0x00002f47      0x2cc C:\Users\Ihsan\Documents\lpcxpresso_3.6.3_317\workspace\Lib_MCU\Debug\libLib_MCU.a(lpc17xx_libcfg_default.o)
 .debug_line    0x00003213      0x3bb C:\Users\Ihsan\Documents\lpcxpresso_3.6.3_317\workspace\Lib_MCU\Debug\libLib_MCU.a(lpc17xx_pinsel.o)
 .debug_line    0x000035ce      0x5bd C:\Users\Ihsan\Documents\lpcxpresso_3.6.3_317\workspace\Lib_MCU\Debug\libLib_MCU.a(lpc17xx_ssp.o)
 .debug_line    0x00003b8b      0x546 C:\Users\Ihsan\Documents\lpcxpresso_3.6.3_317\workspace\Lib_MCU\Debug\libLib_MCU.a(lpc17xx_timer.o)
 .debug_line    0x000040d1      0x3f5 C:\Users\Ihsan\Documents\lpcxpresso_3.6.3_317\workspace\Lib_MCU\Debug\libLib_MCU.a(lpc17xx_clkpwr.o)

.debug_macinfo  0x00000000    0x6f137
 .debug_macinfo
                0x00000000     0x2694 ./src/cr_startup_lpc17.o
 .debug_macinfo
                0x00002694     0x9cbf ./src/main.o
 .debug_macinfo
                0x0000c353     0x6d5c C:\Users\Ihsan\Documents\lpcxpresso_3.6.3_317\workspace\Lib_CMSISv1p30_LPC17xx\Debug\libCMSISv1p30_LPC17xx.a(system_LPC17xx.o)
 .debug_macinfo
                0x000130af     0x787f C:\Users\Ihsan\Documents\lpcxpresso_3.6.3_317\workspace\Lib_EaBaseBoard\Debug\libLib_EaBaseBoard.a(acc.o)
 .debug_macinfo
                0x0001a92e     0x8007 C:\Users\Ihsan\Documents\lpcxpresso_3.6.3_317\workspace\Lib_EaBaseBoard\Debug\libLib_EaBaseBoard.a(led7seg.o)
 .debug_macinfo
                0x00022935     0x779e C:\Users\Ihsan\Documents\lpcxpresso_3.6.3_317\workspace\Lib_EaBaseBoard\Debug\libLib_EaBaseBoard.a(light.o)
 .debug_macinfo
                0x0002a0d3     0x8aa7 C:\Users\Ihsan\Documents\lpcxpresso_3.6.3_317\workspace\Lib_EaBaseBoard\Debug\libLib_EaBaseBoard.a(oled.o)
 .debug_macinfo
                0x00032b7a     0x6f4a C:\Users\Ihsan\Documents\lpcxpresso_3.6.3_317\workspace\Lib_EaBaseBoard\Debug\libLib_EaBaseBoard.a(temp.o)
 .debug_macinfo
                0x00039ac4     0x1cb1 C:\Users\Ihsan\Documents\lpcxpresso_3.6.3_317\workspace\Lib_EaBaseBoard\Debug\libLib_EaBaseBoard.a(font5x7.o)
 .debug_macinfo
                0x0003b775     0x701c C:\Users\Ihsan\Documents\lpcxpresso_3.6.3_317\workspace\Lib_MCU\Debug\libLib_MCU.a(lpc17xx_gpio.o)
 .debug_macinfo
                0x00042791     0x8f3c C:\Users\Ihsan\Documents\lpcxpresso_3.6.3_317\workspace\Lib_MCU\Debug\libLib_MCU.a(lpc17xx_i2c.o)
 .debug_macinfo
                0x0004b6cd     0x2971 C:\Users\Ihsan\Documents\lpcxpresso_3.6.3_317\workspace\Lib_MCU\Debug\libLib_MCU.a(lpc17xx_libcfg_default.o)
 .debug_macinfo
                0x0004e03e     0x7137 C:\Users\Ihsan\Documents\lpcxpresso_3.6.3_317\workspace\Lib_MCU\Debug\libLib_MCU.a(lpc17xx_pinsel.o)
 .debug_macinfo
                0x00055175     0x9234 C:\Users\Ihsan\Documents\lpcxpresso_3.6.3_317\workspace\Lib_MCU\Debug\libLib_MCU.a(lpc17xx_ssp.o)
 .debug_macinfo
                0x0005e3a9     0x8e31 C:\Users\Ihsan\Documents\lpcxpresso_3.6.3_317\workspace\Lib_MCU\Debug\libLib_MCU.a(lpc17xx_timer.o)
 .debug_macinfo
                0x000671da     0x7f5d C:\Users\Ihsan\Documents\lpcxpresso_3.6.3_317\workspace\Lib_MCU\Debug\libLib_MCU.a(lpc17xx_clkpwr.o)

.debug_frame    0x00000000     0x1530
 .debug_frame   0x00000000      0x120 ./src/cr_startup_lpc17.o
 .debug_frame   0x00000120      0x1d0 ./src/main.o
 .debug_frame   0x000002f0       0x48 C:\Users\Ihsan\Documents\lpcxpresso_3.6.3_317\workspace\Lib_CMSISv1p30_LPC17xx\Debug\libCMSISv1p30_LPC17xx.a(system_LPC17xx.o)
 .debug_frame   0x00000338      0x12c C:\Users\Ihsan\Documents\lpcxpresso_3.6.3_317\workspace\Lib_EaBaseBoard\Debug\libLib_EaBaseBoard.a(acc.o)
 .debug_frame   0x00000464       0x4c C:\Users\Ihsan\Documents\lpcxpresso_3.6.3_317\workspace\Lib_EaBaseBoard\Debug\libLib_EaBaseBoard.a(led7seg.o)
 .debug_frame   0x000004b0      0x208 C:\Users\Ihsan\Documents\lpcxpresso_3.6.3_317\workspace\Lib_EaBaseBoard\Debug\libLib_EaBaseBoard.a(light.o)
 .debug_frame   0x000006b8      0x1fc C:\Users\Ihsan\Documents\lpcxpresso_3.6.3_317\workspace\Lib_EaBaseBoard\Debug\libLib_EaBaseBoard.a(oled.o)
 .debug_frame   0x000008b4       0x50 C:\Users\Ihsan\Documents\lpcxpresso_3.6.3_317\workspace\Lib_EaBaseBoard\Debug\libLib_EaBaseBoard.a(temp.o)
 .debug_frame   0x00000904      0x2c4 C:\Users\Ihsan\Documents\lpcxpresso_3.6.3_317\workspace\Lib_MCU\Debug\libLib_MCU.a(lpc17xx_gpio.o)
 .debug_frame   0x00000bc8      0x2c8 C:\Users\Ihsan\Documents\lpcxpresso_3.6.3_317\workspace\Lib_MCU\Debug\libLib_MCU.a(lpc17xx_i2c.o)
 .debug_frame   0x00000e90       0x2c C:\Users\Ihsan\Documents\lpcxpresso_3.6.3_317\workspace\Lib_MCU\Debug\libLib_MCU.a(lpc17xx_libcfg_default.o)
 .debug_frame   0x00000ebc       0xbc C:\Users\Ihsan\Documents\lpcxpresso_3.6.3_317\workspace\Lib_MCU\Debug\libLib_MCU.a(lpc17xx_pinsel.o)
 .debug_frame   0x00000f78      0x280 C:\Users\Ihsan\Documents\lpcxpresso_3.6.3_317\workspace\Lib_MCU\Debug\libLib_MCU.a(lpc17xx_ssp.o)
 .debug_frame   0x000011f8      0x22c C:\Users\Ihsan\Documents\lpcxpresso_3.6.3_317\workspace\Lib_MCU\Debug\libLib_MCU.a(lpc17xx_timer.o)
 .debug_frame   0x00001424      0x10c C:\Users\Ihsan\Documents\lpcxpresso_3.6.3_317\workspace\Lib_MCU\Debug\libLib_MCU.a(lpc17xx_clkpwr.o)

.debug_loc      0x00000000     0x2330
 .debug_loc     0x00000000      0x1e5 ./src/cr_startup_lpc17.o
 .debug_loc     0x000001e5      0x30f ./src/main.o
 .debug_loc     0x000004f4       0x56 C:\Users\Ihsan\Documents\lpcxpresso_3.6.3_317\workspace\Lib_CMSISv1p30_LPC17xx\Debug\libCMSISv1p30_LPC17xx.a(system_LPC17xx.o)
 .debug_loc     0x0000054a      0x1e7 C:\Users\Ihsan\Documents\lpcxpresso_3.6.3_317\workspace\Lib_EaBaseBoard\Debug\libLib_EaBaseBoard.a(acc.o)
 .debug_loc     0x00000731       0x62 C:\Users\Ihsan\Documents\lpcxpresso_3.6.3_317\workspace\Lib_EaBaseBoard\Debug\libLib_EaBaseBoard.a(led7seg.o)
 .debug_loc     0x00000793      0x368 C:\Users\Ihsan\Documents\lpcxpresso_3.6.3_317\workspace\Lib_EaBaseBoard\Debug\libLib_EaBaseBoard.a(light.o)
 .debug_loc     0x00000afb      0x331 C:\Users\Ihsan\Documents\lpcxpresso_3.6.3_317\workspace\Lib_EaBaseBoard\Debug\libLib_EaBaseBoard.a(oled.o)
 .debug_loc     0x00000e2c       0x6e C:\Users\Ihsan\Documents\lpcxpresso_3.6.3_317\workspace\Lib_EaBaseBoard\Debug\libLib_EaBaseBoard.a(temp.o)
 .debug_loc     0x00000e9a      0x4ba C:\Users\Ihsan\Documents\lpcxpresso_3.6.3_317\workspace\Lib_MCU\Debug\libLib_MCU.a(lpc17xx_gpio.o)
 .debug_loc     0x00001354      0x4cd C:\Users\Ihsan\Documents\lpcxpresso_3.6.3_317\workspace\Lib_MCU\Debug\libLib_MCU.a(lpc17xx_i2c.o)
 .debug_loc     0x00001821       0x37 C:\Users\Ihsan\Documents\lpcxpresso_3.6.3_317\workspace\Lib_MCU\Debug\libLib_MCU.a(lpc17xx_libcfg_default.o)
 .debug_loc     0x00001858      0x14a C:\Users\Ihsan\Documents\lpcxpresso_3.6.3_317\workspace\Lib_MCU\Debug\libLib_MCU.a(lpc17xx_pinsel.o)
 .debug_loc     0x000019a2      0x434 C:\Users\Ihsan\Documents\lpcxpresso_3.6.3_317\workspace\Lib_MCU\Debug\libLib_MCU.a(lpc17xx_ssp.o)
 .debug_loc     0x00001dd6      0x3a7 C:\Users\Ihsan\Documents\lpcxpresso_3.6.3_317\workspace\Lib_MCU\Debug\libLib_MCU.a(lpc17xx_timer.o)
 .debug_loc     0x0000217d      0x1b3 C:\Users\Ihsan\Documents\lpcxpresso_3.6.3_317\workspace\Lib_MCU\Debug\libLib_MCU.a(lpc17xx_clkpwr.o)

.debug_pubnames
                0x00000000      0xc23
 .debug_pubnames
                0x00000000       0xfd ./src/cr_startup_lpc17.o
 .debug_pubnames
                0x000000fd       0xdf ./src/main.o
 .debug_pubnames
                0x000001dc       0x4f C:\Users\Ihsan\Documents\lpcxpresso_3.6.3_317\workspace\Lib_CMSISv1p30_LPC17xx\Debug\libCMSISv1p30_LPC17xx.a(system_LPC17xx.o)
 .debug_pubnames
                0x0000022b       0x4d C:\Users\Ihsan\Documents\lpcxpresso_3.6.3_317\workspace\Lib_EaBaseBoard\Debug\libLib_EaBaseBoard.a(acc.o)
 .debug_pubnames
                0x00000278       0x37 C:\Users\Ihsan\Documents\lpcxpresso_3.6.3_317\workspace\Lib_EaBaseBoard\Debug\libLib_EaBaseBoard.a(led7seg.o)
 .debug_pubnames
                0x000002af      0x107 C:\Users\Ihsan\Documents\lpcxpresso_3.6.3_317\workspace\Lib_EaBaseBoard\Debug\libLib_EaBaseBoard.a(light.o)
 .debug_pubnames
                0x000003b6       0xa9 C:\Users\Ihsan\Documents\lpcxpresso_3.6.3_317\workspace\Lib_EaBaseBoard\Debug\libLib_EaBaseBoard.a(oled.o)
 .debug_pubnames
                0x0000045f       0x2e C:\Users\Ihsan\Documents\lpcxpresso_3.6.3_317\workspace\Lib_EaBaseBoard\Debug\libLib_EaBaseBoard.a(temp.o)
 .debug_pubnames
                0x0000048d       0x1e C:\Users\Ihsan\Documents\lpcxpresso_3.6.3_317\workspace\Lib_EaBaseBoard\Debug\libLib_EaBaseBoard.a(font5x7.o)
 .debug_pubnames
                0x000004ab      0x196 C:\Users\Ihsan\Documents\lpcxpresso_3.6.3_317\workspace\Lib_MCU\Debug\libLib_MCU.a(lpc17xx_gpio.o)
 .debug_pubnames
                0x00000641      0x165 C:\Users\Ihsan\Documents\lpcxpresso_3.6.3_317\workspace\Lib_MCU\Debug\libLib_MCU.a(lpc17xx_i2c.o)
 .debug_pubnames
                0x000007a6       0x23 C:\Users\Ihsan\Documents\lpcxpresso_3.6.3_317\workspace\Lib_MCU\Debug\libLib_MCU.a(lpc17xx_libcfg_default.o)
 .debug_pubnames
                0x000007c9       0xa6 C:\Users\Ihsan\Documents\lpcxpresso_3.6.3_317\workspace\Lib_MCU\Debug\libLib_MCU.a(lpc17xx_pinsel.o)
 .debug_pubnames
                0x0000086f      0x17f C:\Users\Ihsan\Documents\lpcxpresso_3.6.3_317\workspace\Lib_MCU\Debug\libLib_MCU.a(lpc17xx_ssp.o)
 .debug_pubnames
                0x000009ee      0x17a C:\Users\Ihsan\Documents\lpcxpresso_3.6.3_317\workspace\Lib_MCU\Debug\libLib_MCU.a(lpc17xx_timer.o)
 .debug_pubnames
                0x00000b68       0xbb C:\Users\Ihsan\Documents\lpcxpresso_3.6.3_317\workspace\Lib_MCU\Debug\libLib_MCU.a(lpc17xx_clkpwr.o)

.debug_aranges  0x00000000      0x6b8
 .debug_aranges
                0x00000000       0x70 ./src/cr_startup_lpc17.o
 .debug_aranges
                0x00000070       0x90 ./src/main.o
 .debug_aranges
                0x00000100       0x28 C:\Users\Ihsan\Documents\lpcxpresso_3.6.3_317\workspace\Lib_CMSISv1p30_LPC17xx\Debug\libCMSISv1p30_LPC17xx.a(system_LPC17xx.o)
 .debug_aranges
                0x00000128       0x60 C:\Users\Ihsan\Documents\lpcxpresso_3.6.3_317\workspace\Lib_EaBaseBoard\Debug\libLib_EaBaseBoard.a(acc.o)
 .debug_aranges
                0x00000188       0x28 C:\Users\Ihsan\Documents\lpcxpresso_3.6.3_317\workspace\Lib_EaBaseBoard\Debug\libLib_EaBaseBoard.a(led7seg.o)
 .debug_aranges
                0x000001b0       0x98 C:\Users\Ihsan\Documents\lpcxpresso_3.6.3_317\workspace\Lib_EaBaseBoard\Debug\libLib_EaBaseBoard.a(light.o)
 .debug_aranges
                0x00000248       0x90 C:\Users\Ihsan\Documents\lpcxpresso_3.6.3_317\workspace\Lib_EaBaseBoard\Debug\libLib_EaBaseBoard.a(oled.o)
 .debug_aranges
                0x000002d8       0x28 C:\Users\Ihsan\Documents\lpcxpresso_3.6.3_317\workspace\Lib_EaBaseBoard\Debug\libLib_EaBaseBoard.a(temp.o)
 .debug_aranges
                0x00000300       0xc8 C:\Users\Ihsan\Documents\lpcxpresso_3.6.3_317\workspace\Lib_MCU\Debug\libLib_MCU.a(lpc17xx_gpio.o)
 .debug_aranges
                0x000003c8       0xd0 C:\Users\Ihsan\Documents\lpcxpresso_3.6.3_317\workspace\Lib_MCU\Debug\libLib_MCU.a(lpc17xx_i2c.o)
 .debug_aranges
                0x00000498       0x20 C:\Users\Ihsan\Documents\lpcxpresso_3.6.3_317\workspace\Lib_MCU\Debug\libLib_MCU.a(lpc17xx_libcfg_default.o)
 .debug_aranges
                0x000004b8       0x48 C:\Users\Ihsan\Documents\lpcxpresso_3.6.3_317\workspace\Lib_MCU\Debug\libLib_MCU.a(lpc17xx_pinsel.o)
 .debug_aranges
                0x00000500       0xb8 C:\Users\Ihsan\Documents\lpcxpresso_3.6.3_317\workspace\Lib_MCU\Debug\libLib_MCU.a(lpc17xx_ssp.o)
 .debug_aranges
                0x000005b8       0xa0 C:\Users\Ihsan\Documents\lpcxpresso_3.6.3_317\workspace\Lib_MCU\Debug\libLib_MCU.a(lpc17xx_timer.o)
 .debug_aranges
                0x00000658       0x60 C:\Users\Ihsan\Documents\lpcxpresso_3.6.3_317\workspace\Lib_MCU\Debug\libLib_MCU.a(lpc17xx_clkpwr.o)

.debug_ranges   0x00000000      0x658
 .debug_ranges  0x00000000       0x68 ./src/cr_startup_lpc17.o
 .debug_ranges  0x00000068       0xa0 ./src/main.o
 .debug_ranges  0x00000108       0x20 C:\Users\Ihsan\Documents\lpcxpresso_3.6.3_317\workspace\Lib_CMSISv1p30_LPC17xx\Debug\libCMSISv1p30_LPC17xx.a(system_LPC17xx.o)
 .debug_ranges  0x00000128       0x58 C:\Users\Ihsan\Documents\lpcxpresso_3.6.3_317\workspace\Lib_EaBaseBoard\Debug\libLib_EaBaseBoard.a(acc.o)
 .debug_ranges  0x00000180       0x20 C:\Users\Ihsan\Documents\lpcxpresso_3.6.3_317\workspace\Lib_EaBaseBoard\Debug\libLib_EaBaseBoard.a(led7seg.o)
 .debug_ranges  0x000001a0       0x90 C:\Users\Ihsan\Documents\lpcxpresso_3.6.3_317\workspace\Lib_EaBaseBoard\Debug\libLib_EaBaseBoard.a(light.o)
 .debug_ranges  0x00000230       0x88 C:\Users\Ihsan\Documents\lpcxpresso_3.6.3_317\workspace\Lib_EaBaseBoard\Debug\libLib_EaBaseBoard.a(oled.o)
 .debug_ranges  0x000002b8       0x20 C:\Users\Ihsan\Documents\lpcxpresso_3.6.3_317\workspace\Lib_EaBaseBoard\Debug\libLib_EaBaseBoard.a(temp.o)
 .debug_ranges  0x000002d8       0xc0 C:\Users\Ihsan\Documents\lpcxpresso_3.6.3_317\workspace\Lib_MCU\Debug\libLib_MCU.a(lpc17xx_gpio.o)
 .debug_ranges  0x00000398       0xc8 C:\Users\Ihsan\Documents\lpcxpresso_3.6.3_317\workspace\Lib_MCU\Debug\libLib_MCU.a(lpc17xx_i2c.o)
 .debug_ranges  0x00000460       0x18 C:\Users\Ihsan\Documents\lpcxpresso_3.6.3_317\workspace\Lib_MCU\Debug\libLib_MCU.a(lpc17xx_libcfg_default.o)
 .debug_ranges  0x00000478       0x40 C:\Users\Ihsan\Documents\lpcxpresso_3.6.3_317\workspace\Lib_MCU\Debug\libLib_MCU.a(lpc17xx_pinsel.o)
 .debug_ranges  0x000004b8       0xb0 C:\Users\Ihsan\Documents\lpcxpresso_3.6.3_317\workspace\Lib_MCU\Debug\libLib_MCU.a(lpc17xx_ssp.o)
 .debug_ranges  0x00000568       0x98 C:\Users\Ihsan\Documents\lpcxpresso_3.6.3_317\workspace\Lib_MCU\Debug\libLib_MCU.a(lpc17xx_timer.o)
 .debug_ranges  0x00000600       0x58 C:\Users\Ihsan\Documents\lpcxpresso_3.6.3_317\workspace\Lib_MCU\Debug\libLib_MCU.a(lpc17xx_clkpwr.o)

.debug_str      0x00000000     0x1fdc
 .debug_str     0x00000000      0x198 ./src/cr_startup_lpc17.o
                                0x1d2 (size before relaxing)
 .debug_str     0x00000198      0x61b ./src/main.o
                                0x73d (size before relaxing)
 .debug_str     0x000007b3      0x17e C:\Users\Ihsan\Documents\lpcxpresso_3.6.3_317\workspace\Lib_CMSISv1p30_LPC17xx\Debug\libCMSISv1p30_LPC17xx.a(system_LPC17xx.o)
                                0x25b (size before relaxing)
 .debug_str     0x00000931      0x1e4 C:\Users\Ihsan\Documents\lpcxpresso_3.6.3_317\workspace\Lib_EaBaseBoard\Debug\libLib_EaBaseBoard.a(acc.o)
                                0x356 (size before relaxing)
 .debug_str     0x00000b15       0x95 C:\Users\Ihsan\Documents\lpcxpresso_3.6.3_317\workspace\Lib_EaBaseBoard\Debug\libLib_EaBaseBoard.a(led7seg.o)
                                0x1c2 (size before relaxing)
 .debug_str     0x00000baa      0x24a C:\Users\Ihsan\Documents\lpcxpresso_3.6.3_317\workspace\Lib_EaBaseBoard\Debug\libLib_EaBaseBoard.a(light.o)
                                0x4bb (size before relaxing)
 .debug_str     0x00000df4      0x1b2 C:\Users\Ihsan\Documents\lpcxpresso_3.6.3_317\workspace\Lib_EaBaseBoard\Debug\libLib_EaBaseBoard.a(oled.o)
                                0x373 (size before relaxing)
 .debug_str     0x00000fa6       0x31 C:\Users\Ihsan\Documents\lpcxpresso_3.6.3_317\workspace\Lib_EaBaseBoard\Debug\libLib_EaBaseBoard.a(temp.o)
                                0x13a (size before relaxing)
 .debug_str     0x00000fd7       0x11 C:\Users\Ihsan\Documents\lpcxpresso_3.6.3_317\workspace\Lib_EaBaseBoard\Debug\libLib_EaBaseBoard.a(font5x7.o)
                                 0x81 (size before relaxing)
 .debug_str     0x00000fe8      0x384 C:\Users\Ihsan\Documents\lpcxpresso_3.6.3_317\workspace\Lib_MCU\Debug\libLib_MCU.a(lpc17xx_gpio.o)
                                0x43f (size before relaxing)
 .debug_str     0x0000136c      0x319 C:\Users\Ihsan\Documents\lpcxpresso_3.6.3_317\workspace\Lib_MCU\Debug\libLib_MCU.a(lpc17xx_i2c.o)
                                0x7cb (size before relaxing)
 .debug_str     0x00001685       0x32 C:\Users\Ihsan\Documents\lpcxpresso_3.6.3_317\workspace\Lib_MCU\Debug\libLib_MCU.a(lpc17xx_libcfg_default.o)
                                0x118 (size before relaxing)
 .debug_str     0x000016b7      0x201 C:\Users\Ihsan\Documents\lpcxpresso_3.6.3_317\workspace\Lib_MCU\Debug\libLib_MCU.a(lpc17xx_pinsel.o)
                                0x361 (size before relaxing)
 .debug_str     0x000018b8      0x221 C:\Users\Ihsan\Documents\lpcxpresso_3.6.3_317\workspace\Lib_MCU\Debug\libLib_MCU.a(lpc17xx_ssp.o)
                                0x452 (size before relaxing)
 .debug_str     0x00001ad9      0x438 C:\Users\Ihsan\Documents\lpcxpresso_3.6.3_317\workspace\Lib_MCU\Debug\libLib_MCU.a(lpc17xx_timer.o)
                                0x588 (size before relaxing)
 .debug_str     0x00001f11       0xcb C:\Users\Ihsan\Documents\lpcxpresso_3.6.3_317\workspace\Lib_MCU\Debug\libLib_MCU.a(lpc17xx_clkpwr.o)
                                0x358 (size before relaxing)

.comment        0x00000000      0x9e9
 .comment       0x00000000       0x2b ./src/cr_startup_lpc17.o
 .comment       0x0000002b       0x2b ./src/main.o
 .comment       0x00000056       0x2b C:\Users\Ihsan\Documents\lpcxpresso_3.6.3_317\workspace\Lib_CMSISv1p30_LPC17xx\Debug\libCMSISv1p30_LPC17xx.a(system_LPC17xx.o)
 .comment       0x00000081       0x2b C:\Users\Ihsan\Documents\lpcxpresso_3.6.3_317\workspace\Lib_EaBaseBoard\Debug\libLib_EaBaseBoard.a(acc.o)
 .comment       0x000000ac       0x2b C:\Users\Ihsan\Documents\lpcxpresso_3.6.3_317\workspace\Lib_EaBaseBoard\Debug\libLib_EaBaseBoard.a(led7seg.o)
 .comment       0x000000d7       0x2b C:\Users\Ihsan\Documents\lpcxpresso_3.6.3_317\workspace\Lib_EaBaseBoard\Debug\libLib_EaBaseBoard.a(light.o)
 .comment       0x00000102       0x2b C:\Users\Ihsan\Documents\lpcxpresso_3.6.3_317\workspace\Lib_EaBaseBoard\Debug\libLib_EaBaseBoard.a(oled.o)
 .comment       0x0000012d       0x2b C:\Users\Ihsan\Documents\lpcxpresso_3.6.3_317\workspace\Lib_EaBaseBoard\Debug\libLib_EaBaseBoard.a(temp.o)
 .comment       0x00000158       0x2b C:\Users\Ihsan\Documents\lpcxpresso_3.6.3_317\workspace\Lib_EaBaseBoard\Debug\libLib_EaBaseBoard.a(font5x7.o)
 .comment       0x00000183       0x2b C:\Users\Ihsan\Documents\lpcxpresso_3.6.3_317\workspace\Lib_MCU\Debug\libLib_MCU.a(lpc17xx_gpio.o)
 .comment       0x000001ae       0x2b C:\Users\Ihsan\Documents\lpcxpresso_3.6.3_317\workspace\Lib_MCU\Debug\libLib_MCU.a(lpc17xx_i2c.o)
 .comment       0x000001d9       0x2b C:\Users\Ihsan\Documents\lpcxpresso_3.6.3_317\workspace\Lib_MCU\Debug\libLib_MCU.a(lpc17xx_libcfg_default.o)
 .comment       0x00000204       0x2b C:\Users\Ihsan\Documents\lpcxpresso_3.6.3_317\workspace\Lib_MCU\Debug\libLib_MCU.a(lpc17xx_pinsel.o)
 .comment       0x0000022f       0x2b C:\Users\Ihsan\Documents\lpcxpresso_3.6.3_317\workspace\Lib_MCU\Debug\libLib_MCU.a(lpc17xx_ssp.o)
 .comment       0x0000025a       0x2b C:\Users\Ihsan\Documents\lpcxpresso_3.6.3_317\workspace\Lib_MCU\Debug\libLib_MCU.a(lpc17xx_timer.o)
 .comment       0x00000285       0x2b C:\Users\Ihsan\Documents\lpcxpresso_3.6.3_317\workspace\Lib_MCU\Debug\libLib_MCU.a(lpc17xx_clkpwr.o)
 .comment       0x000002b0       0x2b c:/nxp/lpcxpresso_3.6.3_317/tools/bin/../lib/gcc/arm-none-eabi/4.3.3/../../../../arm-none-eabi/lib/thumb2\libcr_semihost.a(_cr__main.o)
 .comment       0x000002db       0x2b c:/nxp/lpcxpresso_3.6.3_317/tools/bin/../lib/gcc/arm-none-eabi/4.3.3/../../../../arm-none-eabi/lib/thumb2\libcr_c.a(__init_alloc.o)
 .comment       0x00000306       0x2b c:/nxp/lpcxpresso_3.6.3_317/tools/bin/../lib/gcc/arm-none-eabi/4.3.3/../../../../arm-none-eabi/lib/thumb2\libcr_c.a(ctype.o)
 .comment       0x00000331       0x2b c:/nxp/lpcxpresso_3.6.3_317/tools/bin/../lib/gcc/arm-none-eabi/4.3.3/../../../../arm-none-eabi/lib/thumb2\libcr_c.a(fpprintf.o)
 .comment       0x0000035c       0x2b c:/nxp/lpcxpresso_3.6.3_317/tools/bin/../lib/gcc/arm-none-eabi/4.3.3/../../../../arm-none-eabi/lib/thumb2\libcr_c.a(initio.o)
 .comment       0x00000387       0x2b c:/nxp/lpcxpresso_3.6.3_317/tools/bin/../lib/gcc/arm-none-eabi/4.3.3/../../../../arm-none-eabi/lib/thumb2\libcr_c.a(memset.o)
 .comment       0x000003b2       0x2b c:/nxp/lpcxpresso_3.6.3_317/tools/bin/../lib/gcc/arm-none-eabi/4.3.3/../../../../arm-none-eabi/lib/thumb2\libcr_c.a(printf.o)
 .comment       0x000003dd       0x2b c:/nxp/lpcxpresso_3.6.3_317/tools/bin/../lib/gcc/arm-none-eabi/4.3.3/../../../../arm-none-eabi/lib/thumb2\libcr_c.a(setvbuf.o)
 .comment       0x00000408       0x2b c:/nxp/lpcxpresso_3.6.3_317/tools/bin/../lib/gcc/arm-none-eabi/4.3.3/../../../../arm-none-eabi/lib/thumb2\libcr_c.a(stdio.o)
 .comment       0x00000433       0x2b c:/nxp/lpcxpresso_3.6.3_317/tools/bin/../lib/gcc/arm-none-eabi/4.3.3/../../../../arm-none-eabi/lib/thumb2\libcr_c.a(stdlib.o)
 .comment       0x0000045e       0x2b c:/nxp/lpcxpresso_3.6.3_317/tools/bin/../lib/gcc/arm-none-eabi/4.3.3/../../../../arm-none-eabi/lib/thumb2\libcr_c.a(strcat.o)
 .comment       0x00000489       0x2b c:/nxp/lpcxpresso_3.6.3_317/tools/bin/../lib/gcc/arm-none-eabi/4.3.3/../../../../arm-none-eabi/lib/thumb2\libcr_c.a(strcpy.o)
 .comment       0x000004b4       0x2b c:/nxp/lpcxpresso_3.6.3_317/tools/bin/../lib/gcc/arm-none-eabi/4.3.3/../../../../arm-none-eabi/lib/thumb2\libcr_c.a(strlen.o)
 .comment       0x000004df       0x2b c:/nxp/lpcxpresso_3.6.3_317/tools/bin/../lib/gcc/arm-none-eabi/4.3.3/../../../../arm-none-eabi/lib/thumb2\libcr_c.a(__fillbuf.o)
 .comment       0x0000050a       0x2b c:/nxp/lpcxpresso_3.6.3_317/tools/bin/../lib/gcc/arm-none-eabi/4.3.3/../../../../arm-none-eabi/lib/thumb2\libcr_c.a(_deferredlazyseek.o)
 .comment       0x00000535       0x2b c:/nxp/lpcxpresso_3.6.3_317/tools/bin/../lib/gcc/arm-none-eabi/4.3.3/../../../../arm-none-eabi/lib/thumb2\libcr_c.a(_fdopen.o)
 .comment       0x00000560       0x2b c:/nxp/lpcxpresso_3.6.3_317/tools/bin/../lib/gcc/arm-none-eabi/4.3.3/../../../../arm-none-eabi/lib/thumb2\libcr_c.a(_fflush.o)
 .comment       0x0000058b       0x2b c:/nxp/lpcxpresso_3.6.3_317/tools/bin/../lib/gcc/arm-none-eabi/4.3.3/../../../../arm-none-eabi/lib/thumb2\libcr_c.a(_frexpl.o)
 .comment       0x000005b6       0x2b c:/nxp/lpcxpresso_3.6.3_317/tools/bin/../lib/gcc/arm-none-eabi/4.3.3/../../../../arm-none-eabi/lib/thumb2\libcr_c.a(_ldexpl.o)
 .comment       0x000005e1       0x2b c:/nxp/lpcxpresso_3.6.3_317/tools/bin/../lib/gcc/arm-none-eabi/4.3.3/../../../../arm-none-eabi/lib/thumb2\libcr_c.a(_writebuf.o)
 .comment       0x0000060c       0x2b c:/nxp/lpcxpresso_3.6.3_317/tools/bin/../lib/gcc/arm-none-eabi/4.3.3/../../../../arm-none-eabi/lib/thumb2\libcr_c.a(alloc.o)
 .comment       0x00000637       0x2b c:/nxp/lpcxpresso_3.6.3_317/tools/bin/../lib/gcc/arm-none-eabi/4.3.3/../../../../arm-none-eabi/lib/thumb2\libcr_c.a(error.o)
 .comment       0x00000662       0x2b c:/nxp/lpcxpresso_3.6.3_317/tools/bin/../lib/gcc/arm-none-eabi/4.3.3/../../../../arm-none-eabi/lib/thumb2\libcr_c.a(fclose.o)
 .comment       0x0000068d       0x2b c:/nxp/lpcxpresso_3.6.3_317/tools/bin/../lib/gcc/arm-none-eabi/4.3.3/../../../../arm-none-eabi/lib/thumb2\libcr_c.a(fflush.o)
 .comment       0x000006b8       0x2b c:/nxp/lpcxpresso_3.6.3_317/tools/bin/../lib/gcc/arm-none-eabi/4.3.3/../../../../arm-none-eabi/lib/thumb2\libcr_c.a(fputs.o)
 .comment       0x000006e3       0x2b c:/nxp/lpcxpresso_3.6.3_317/tools/bin/../lib/gcc/arm-none-eabi/4.3.3/../../../../arm-none-eabi/lib/thumb2\libcr_c.a(fseek.o)
 .comment       0x0000070e       0x2b c:/nxp/lpcxpresso_3.6.3_317/tools/bin/../lib/gcc/arm-none-eabi/4.3.3/../../../../arm-none-eabi/lib/thumb2\libcr_c.a(ftell.o)
 .comment       0x00000739       0x2b c:/nxp/lpcxpresso_3.6.3_317/tools/bin/../lib/gcc/arm-none-eabi/4.3.3/../../../../arm-none-eabi/lib/thumb2\libcr_c.a(memcpy.o)
 .comment       0x00000764       0x2b c:/nxp/lpcxpresso_3.6.3_317/tools/bin/../lib/gcc/arm-none-eabi/4.3.3/../../../../arm-none-eabi/lib/thumb2\libcr_c.a(raise.o)
 .comment       0x0000078f       0x2b c:/nxp/lpcxpresso_3.6.3_317/tools/bin/../lib/gcc/arm-none-eabi/4.3.3/../../../../arm-none-eabi/lib/thumb2\libcr_c.a(remove.o)
 .comment       0x000007ba       0x2b c:/nxp/lpcxpresso_3.6.3_317/tools/bin/../lib/gcc/arm-none-eabi/4.3.3/../../../../arm-none-eabi/lib/thumb2\libcr_c.a(_do_fflush.o)
 .comment       0x000007e5       0x2b c:/nxp/lpcxpresso_3.6.3_317/tools/bin/../lib/gcc/arm-none-eabi/4.3.3/../../../../arm-none-eabi/lib/thumb2\libcr_c.a(_hugeval.o)
 .comment       0x00000810       0x2b c:/nxp/lpcxpresso_3.6.3_317/tools/bin/../lib/gcc/arm-none-eabi/4.3.3/thumb2\libcr_eabihelpers.a(double.o)
 .comment       0x0000083b       0x2b c:/nxp/lpcxpresso_3.6.3_317/tools/bin/../lib/gcc/arm-none-eabi/4.3.3/thumb2\libcr_eabihelpers.a(rtlib.o)
 .comment       0x00000866       0x2b c:/nxp/lpcxpresso_3.6.3_317/tools/bin/../lib/gcc/arm-none-eabi/4.3.3/../../../../arm-none-eabi/lib/thumb2\libcr_semihost.a(_cr_sbrk.o)
 .comment       0x00000891       0x2b c:/nxp/lpcxpresso_3.6.3_317/tools/bin/../lib/gcc/arm-none-eabi/4.3.3/../../../../arm-none-eabi/lib/thumb2\libcr_semihost.a(cr_sys.o)
 .comment       0x000008bc       0x2b c:/nxp/lpcxpresso_3.6.3_317/tools/bin/../lib/gcc/arm-none-eabi/4.3.3/../../../../arm-none-eabi/lib/thumb2\libcr_semihost.a(cr__close.o)
 .comment       0x000008e7       0x2b c:/nxp/lpcxpresso_3.6.3_317/tools/bin/../lib/gcc/arm-none-eabi/4.3.3/../../../../arm-none-eabi/lib/thumb2\libcr_semihost.a(cr__exit.o)
 .comment       0x00000912       0x2b c:/nxp/lpcxpresso_3.6.3_317/tools/bin/../lib/gcc/arm-none-eabi/4.3.3/../../../../arm-none-eabi/lib/thumb2\libcr_semihost.a(cr__open.o)
 .comment       0x0000093d       0x2b c:/nxp/lpcxpresso_3.6.3_317/tools/bin/../lib/gcc/arm-none-eabi/4.3.3/../../../../arm-none-eabi/lib/thumb2\libcr_semihost.a(cr__read.o)
 .comment       0x00000968       0x2b c:/nxp/lpcxpresso_3.6.3_317/tools/bin/../lib/gcc/arm-none-eabi/4.3.3/../../../../arm-none-eabi/lib/thumb2\libcr_semihost.a(cr__readc.o)
 .comment       0x00000993       0x2b c:/nxp/lpcxpresso_3.6.3_317/tools/bin/../lib/gcc/arm-none-eabi/4.3.3/../../../../arm-none-eabi/lib/thumb2\libcr_semihost.a(cr__unlink.o)
 .comment       0x000009be       0x2b c:/nxp/lpcxpresso_3.6.3_317/tools/bin/../lib/gcc/arm-none-eabi/4.3.3/../../../../arm-none-eabi/lib/thumb2\libcr_semihost.a(cr__write.o)

.ARM.attributes
                0x00000000       0x2f
 .ARM.attributes
                0x00000000       0x31 ./src/cr_startup_lpc17.o
 .ARM.attributes
                0x00000031       0x31 ./src/main.o
 .ARM.attributes
                0x00000062       0x31 C:\Users\Ihsan\Documents\lpcxpresso_3.6.3_317\workspace\Lib_CMSISv1p30_LPC17xx\Debug\libCMSISv1p30_LPC17xx.a(system_LPC17xx.o)
 .ARM.attributes
                0x00000093       0x31 C:\Users\Ihsan\Documents\lpcxpresso_3.6.3_317\workspace\Lib_EaBaseBoard\Debug\libLib_EaBaseBoard.a(acc.o)
 .ARM.attributes
                0x000000c4       0x31 C:\Users\Ihsan\Documents\lpcxpresso_3.6.3_317\workspace\Lib_EaBaseBoard\Debug\libLib_EaBaseBoard.a(led7seg.o)
 .ARM.attributes
                0x000000f5       0x31 C:\Users\Ihsan\Documents\lpcxpresso_3.6.3_317\workspace\Lib_EaBaseBoard\Debug\libLib_EaBaseBoard.a(light.o)
 .ARM.attributes
                0x00000126       0x31 C:\Users\Ihsan\Documents\lpcxpresso_3.6.3_317\workspace\Lib_EaBaseBoard\Debug\libLib_EaBaseBoard.a(oled.o)
 .ARM.attributes
                0x00000157       0x31 C:\Users\Ihsan\Documents\lpcxpresso_3.6.3_317\workspace\Lib_EaBaseBoard\Debug\libLib_EaBaseBoard.a(temp.o)
 .ARM.attributes
                0x00000188       0x31 C:\Users\Ihsan\Documents\lpcxpresso_3.6.3_317\workspace\Lib_EaBaseBoard\Debug\libLib_EaBaseBoard.a(font5x7.o)
 .ARM.attributes
                0x000001b9       0x31 C:\Users\Ihsan\Documents\lpcxpresso_3.6.3_317\workspace\Lib_MCU\Debug\libLib_MCU.a(lpc17xx_gpio.o)
 .ARM.attributes
                0x000001ea       0x31 C:\Users\Ihsan\Documents\lpcxpresso_3.6.3_317\workspace\Lib_MCU\Debug\libLib_MCU.a(lpc17xx_i2c.o)
 .ARM.attributes
                0x0000021b       0x31 C:\Users\Ihsan\Documents\lpcxpresso_3.6.3_317\workspace\Lib_MCU\Debug\libLib_MCU.a(lpc17xx_libcfg_default.o)
 .ARM.attributes
                0x0000024c       0x31 C:\Users\Ihsan\Documents\lpcxpresso_3.6.3_317\workspace\Lib_MCU\Debug\libLib_MCU.a(lpc17xx_pinsel.o)
 .ARM.attributes
                0x0000027d       0x31 C:\Users\Ihsan\Documents\lpcxpresso_3.6.3_317\workspace\Lib_MCU\Debug\libLib_MCU.a(lpc17xx_ssp.o)
 .ARM.attributes
                0x000002ae       0x31 C:\Users\Ihsan\Documents\lpcxpresso_3.6.3_317\workspace\Lib_MCU\Debug\libLib_MCU.a(lpc17xx_timer.o)
 .ARM.attributes
                0x000002df       0x31 C:\Users\Ihsan\Documents\lpcxpresso_3.6.3_317\workspace\Lib_MCU\Debug\libLib_MCU.a(lpc17xx_clkpwr.o)
 .ARM.attributes
                0x00000310       0x31 c:/nxp/lpcxpresso_3.6.3_317/tools/bin/../lib/gcc/arm-none-eabi/4.3.3/../../../../arm-none-eabi/lib/thumb2\libcr_semihost.a(_cr__main.o)
 .ARM.attributes
                0x00000341       0x31 c:/nxp/lpcxpresso_3.6.3_317/tools/bin/../lib/gcc/arm-none-eabi/4.3.3/../../../../arm-none-eabi/lib/thumb2\libcr_c.a(__init_alloc.o)
 .ARM.attributes
                0x00000372       0x31 c:/nxp/lpcxpresso_3.6.3_317/tools/bin/../lib/gcc/arm-none-eabi/4.3.3/../../../../arm-none-eabi/lib/thumb2\libcr_c.a(ctype.o)
 .ARM.attributes
                0x000003a3       0x31 c:/nxp/lpcxpresso_3.6.3_317/tools/bin/../lib/gcc/arm-none-eabi/4.3.3/../../../../arm-none-eabi/lib/thumb2\libcr_c.a(fpprintf.o)
 .ARM.attributes
                0x000003d4       0x31 c:/nxp/lpcxpresso_3.6.3_317/tools/bin/../lib/gcc/arm-none-eabi/4.3.3/../../../../arm-none-eabi/lib/thumb2\libcr_c.a(initio.o)
 .ARM.attributes
                0x00000405       0x31 c:/nxp/lpcxpresso_3.6.3_317/tools/bin/../lib/gcc/arm-none-eabi/4.3.3/../../../../arm-none-eabi/lib/thumb2\libcr_c.a(memset.o)
 .ARM.attributes
                0x00000436       0x31 c:/nxp/lpcxpresso_3.6.3_317/tools/bin/../lib/gcc/arm-none-eabi/4.3.3/../../../../arm-none-eabi/lib/thumb2\libcr_c.a(printf.o)
 .ARM.attributes
                0x00000467       0x31 c:/nxp/lpcxpresso_3.6.3_317/tools/bin/../lib/gcc/arm-none-eabi/4.3.3/../../../../arm-none-eabi/lib/thumb2\libcr_c.a(setvbuf.o)
 .ARM.attributes
                0x00000498       0x31 c:/nxp/lpcxpresso_3.6.3_317/tools/bin/../lib/gcc/arm-none-eabi/4.3.3/../../../../arm-none-eabi/lib/thumb2\libcr_c.a(stdio.o)
 .ARM.attributes
                0x000004c9       0x31 c:/nxp/lpcxpresso_3.6.3_317/tools/bin/../lib/gcc/arm-none-eabi/4.3.3/../../../../arm-none-eabi/lib/thumb2\libcr_c.a(stdlib.o)
 .ARM.attributes
                0x000004fa       0x31 c:/nxp/lpcxpresso_3.6.3_317/tools/bin/../lib/gcc/arm-none-eabi/4.3.3/../../../../arm-none-eabi/lib/thumb2\libcr_c.a(strcat.o)
 .ARM.attributes
                0x0000052b       0x31 c:/nxp/lpcxpresso_3.6.3_317/tools/bin/../lib/gcc/arm-none-eabi/4.3.3/../../../../arm-none-eabi/lib/thumb2\libcr_c.a(strcpy.o)
 .ARM.attributes
                0x0000055c       0x31 c:/nxp/lpcxpresso_3.6.3_317/tools/bin/../lib/gcc/arm-none-eabi/4.3.3/../../../../arm-none-eabi/lib/thumb2\libcr_c.a(strlen.o)
 .ARM.attributes
                0x0000058d       0x31 c:/nxp/lpcxpresso_3.6.3_317/tools/bin/../lib/gcc/arm-none-eabi/4.3.3/../../../../arm-none-eabi/lib/thumb2\libcr_c.a(__fillbuf.o)
 .ARM.attributes
                0x000005be       0x31 c:/nxp/lpcxpresso_3.6.3_317/tools/bin/../lib/gcc/arm-none-eabi/4.3.3/../../../../arm-none-eabi/lib/thumb2\libcr_c.a(_deferredlazyseek.o)
 .ARM.attributes
                0x000005ef       0x31 c:/nxp/lpcxpresso_3.6.3_317/tools/bin/../lib/gcc/arm-none-eabi/4.3.3/../../../../arm-none-eabi/lib/thumb2\libcr_c.a(_fdopen.o)
 .ARM.attributes
                0x00000620       0x31 c:/nxp/lpcxpresso_3.6.3_317/tools/bin/../lib/gcc/arm-none-eabi/4.3.3/../../../../arm-none-eabi/lib/thumb2\libcr_c.a(_fflush.o)
 .ARM.attributes
                0x00000651       0x31 c:/nxp/lpcxpresso_3.6.3_317/tools/bin/../lib/gcc/arm-none-eabi/4.3.3/../../../../arm-none-eabi/lib/thumb2\libcr_c.a(_frexpl.o)
 .ARM.attributes
                0x00000682       0x31 c:/nxp/lpcxpresso_3.6.3_317/tools/bin/../lib/gcc/arm-none-eabi/4.3.3/../../../../arm-none-eabi/lib/thumb2\libcr_c.a(_ldexpl.o)
 .ARM.attributes
                0x000006b3       0x31 c:/nxp/lpcxpresso_3.6.3_317/tools/bin/../lib/gcc/arm-none-eabi/4.3.3/../../../../arm-none-eabi/lib/thumb2\libcr_c.a(_writebuf.o)
 .ARM.attributes
                0x000006e4       0x31 c:/nxp/lpcxpresso_3.6.3_317/tools/bin/../lib/gcc/arm-none-eabi/4.3.3/../../../../arm-none-eabi/lib/thumb2\libcr_c.a(alloc.o)
 .ARM.attributes
                0x00000715       0x31 c:/nxp/lpcxpresso_3.6.3_317/tools/bin/../lib/gcc/arm-none-eabi/4.3.3/../../../../arm-none-eabi/lib/thumb2\libcr_c.a(error.o)
 .ARM.attributes
                0x00000746       0x31 c:/nxp/lpcxpresso_3.6.3_317/tools/bin/../lib/gcc/arm-none-eabi/4.3.3/../../../../arm-none-eabi/lib/thumb2\libcr_c.a(fclose.o)
 .ARM.attributes
                0x00000777       0x31 c:/nxp/lpcxpresso_3.6.3_317/tools/bin/../lib/gcc/arm-none-eabi/4.3.3/../../../../arm-none-eabi/lib/thumb2\libcr_c.a(fflush.o)
 .ARM.attributes
                0x000007a8       0x31 c:/nxp/lpcxpresso_3.6.3_317/tools/bin/../lib/gcc/arm-none-eabi/4.3.3/../../../../arm-none-eabi/lib/thumb2\libcr_c.a(fputs.o)
 .ARM.attributes
                0x000007d9       0x31 c:/nxp/lpcxpresso_3.6.3_317/tools/bin/../lib/gcc/arm-none-eabi/4.3.3/../../../../arm-none-eabi/lib/thumb2\libcr_c.a(fseek.o)
 .ARM.attributes
                0x0000080a       0x31 c:/nxp/lpcxpresso_3.6.3_317/tools/bin/../lib/gcc/arm-none-eabi/4.3.3/../../../../arm-none-eabi/lib/thumb2\libcr_c.a(ftell.o)
 .ARM.attributes
                0x0000083b       0x31 c:/nxp/lpcxpresso_3.6.3_317/tools/bin/../lib/gcc/arm-none-eabi/4.3.3/../../../../arm-none-eabi/lib/thumb2\libcr_c.a(memcpy.o)
 .ARM.attributes
                0x0000086c       0x31 c:/nxp/lpcxpresso_3.6.3_317/tools/bin/../lib/gcc/arm-none-eabi/4.3.3/../../../../arm-none-eabi/lib/thumb2\libcr_c.a(raise.o)
 .ARM.attributes
                0x0000089d       0x31 c:/nxp/lpcxpresso_3.6.3_317/tools/bin/../lib/gcc/arm-none-eabi/4.3.3/../../../../arm-none-eabi/lib/thumb2\libcr_c.a(remove.o)
 .ARM.attributes
                0x000008ce       0x31 c:/nxp/lpcxpresso_3.6.3_317/tools/bin/../lib/gcc/arm-none-eabi/4.3.3/../../../../arm-none-eabi/lib/thumb2\libcr_c.a(_do_fflush.o)
 .ARM.attributes
                0x000008ff       0x31 c:/nxp/lpcxpresso_3.6.3_317/tools/bin/../lib/gcc/arm-none-eabi/4.3.3/../../../../arm-none-eabi/lib/thumb2\libcr_c.a(_hugeval.o)
 .ARM.attributes
                0x00000930       0x31 c:/nxp/lpcxpresso_3.6.3_317/tools/bin/../lib/gcc/arm-none-eabi/4.3.3/thumb2\libcr_eabihelpers.a(double.o)
 .ARM.attributes
                0x00000961       0x21 c:/nxp/lpcxpresso_3.6.3_317/tools/bin/../lib/gcc/arm-none-eabi/4.3.3/thumb2\libcr_eabihelpers.a(helpers.o)
 .ARM.attributes
                0x00000982       0x31 c:/nxp/lpcxpresso_3.6.3_317/tools/bin/../lib/gcc/arm-none-eabi/4.3.3/thumb2\libcr_eabihelpers.a(rtlib.o)
 .ARM.attributes
                0x000009b3       0x31 c:/nxp/lpcxpresso_3.6.3_317/tools/bin/../lib/gcc/arm-none-eabi/4.3.3/../../../../arm-none-eabi/lib/thumb2\libcr_semihost.a(_cr_sbrk.o)
 .ARM.attributes
                0x000009e4       0x31 c:/nxp/lpcxpresso_3.6.3_317/tools/bin/../lib/gcc/arm-none-eabi/4.3.3/../../../../arm-none-eabi/lib/thumb2\libcr_semihost.a(cr_sys.o)
 .ARM.attributes
                0x00000a15       0x31 c:/nxp/lpcxpresso_3.6.3_317/tools/bin/../lib/gcc/arm-none-eabi/4.3.3/../../../../arm-none-eabi/lib/thumb2\libcr_semihost.a(cr__close.o)
 .ARM.attributes
                0x00000a46       0x31 c:/nxp/lpcxpresso_3.6.3_317/tools/bin/../lib/gcc/arm-none-eabi/4.3.3/../../../../arm-none-eabi/lib/thumb2\libcr_semihost.a(cr__exit.o)
 .ARM.attributes
                0x00000a77       0x31 c:/nxp/lpcxpresso_3.6.3_317/tools/bin/../lib/gcc/arm-none-eabi/4.3.3/../../../../arm-none-eabi/lib/thumb2\libcr_semihost.a(cr__open.o)
 .ARM.attributes
                0x00000aa8       0x31 c:/nxp/lpcxpresso_3.6.3_317/tools/bin/../lib/gcc/arm-none-eabi/4.3.3/../../../../arm-none-eabi/lib/thumb2\libcr_semihost.a(cr__read.o)
 .ARM.attributes
                0x00000ad9       0x31 c:/nxp/lpcxpresso_3.6.3_317/tools/bin/../lib/gcc/arm-none-eabi/4.3.3/../../../../arm-none-eabi/lib/thumb2\libcr_semihost.a(cr__readc.o)
 .ARM.attributes
                0x00000b0a       0x31 c:/nxp/lpcxpresso_3.6.3_317/tools/bin/../lib/gcc/arm-none-eabi/4.3.3/../../../../arm-none-eabi/lib/thumb2\libcr_semihost.a(cr__unlink.o)
 .ARM.attributes
                0x00000b3b       0x31 c:/nxp/lpcxpresso_3.6.3_317/tools/bin/../lib/gcc/arm-none-eabi/4.3.3/../../../../arm-none-eabi/lib/thumb2\libcr_semihost.a(cr__write.o)
 .ARM.attributes
                0x00000b6c       0x21 c:/nxp/lpcxpresso_3.6.3_317/tools/bin/../lib/gcc/arm-none-eabi/4.3.3/../../../../arm-none-eabi/lib/thumb2\libcr_semihost.a(cr_stubs.o)
